// Validating benchmarks:
// ***** BenchmarkRunner: Start   *****
// ***** Found 16 benchmark(s) in total *****
// ***** Building 1 exe(s) in Parallel: Start   *****
// start dotnet  restore --nodeReuse:false /p:UseSharedCompilation=false /p:Deterministic=true /p:Optimize=true /p:ArtifactsPath="C:\Users\haraldlapp\source\private\Papuma.Kernel\benchmarks\Papuma.Kernel.Benchmarks\bin\Release\net10.0\Papuma.Kernel.Benchmarks-ShortRun-1/" /p:OutDir="C:\Users\haraldlapp\source\private\Papuma.Kernel\benchmarks\Papuma.Kernel.Benchmarks\bin\Release\net10.0\Papuma.Kernel.Benchmarks-ShortRun-1\bin\Release\net10.0/" /p:OutputPath="C:\Users\haraldlapp\source\private\Papuma.Kernel\benchmarks\Papuma.Kernel.Benchmarks\bin\Release\net10.0\Papuma.Kernel.Benchmarks-ShortRun-1\bin\Release\net10.0/" /p:PublishDir="C:\Users\haraldlapp\source\private\Papuma.Kernel\benchmarks\Papuma.Kernel.Benchmarks\bin\Release\net10.0\Papuma.Kernel.Benchmarks-ShortRun-1\publish/" in C:\Users\haraldlapp\source\private\Papuma.Kernel\benchmarks\Papuma.Kernel.Benchmarks\bin\Release\net10.0\Papuma.Kernel.Benchmarks-ShortRun-1
// command took 1.41 sec and exited with 0
// start dotnet  build -c Release --no-restore --nodeReuse:false /p:UseSharedCompilation=false /p:Deterministic=true /p:Optimize=true /p:ArtifactsPath="C:\Users\haraldlapp\source\private\Papuma.Kernel\benchmarks\Papuma.Kernel.Benchmarks\bin\Release\net10.0\Papuma.Kernel.Benchmarks-ShortRun-1/" /p:OutDir="C:\Users\haraldlapp\source\private\Papuma.Kernel\benchmarks\Papuma.Kernel.Benchmarks\bin\Release\net10.0\Papuma.Kernel.Benchmarks-ShortRun-1\bin\Release\net10.0/" /p:OutputPath="C:\Users\haraldlapp\source\private\Papuma.Kernel\benchmarks\Papuma.Kernel.Benchmarks\bin\Release\net10.0\Papuma.Kernel.Benchmarks-ShortRun-1\bin\Release\net10.0/" /p:PublishDir="C:\Users\haraldlapp\source\private\Papuma.Kernel\benchmarks\Papuma.Kernel.Benchmarks\bin\Release\net10.0\Papuma.Kernel.Benchmarks-ShortRun-1\publish/" --output "C:\Users\haraldlapp\source\private\Papuma.Kernel\benchmarks\Papuma.Kernel.Benchmarks\bin\Release\net10.0\Papuma.Kernel.Benchmarks-ShortRun-1\bin\Release\net10.0/" in C:\Users\haraldlapp\source\private\Papuma.Kernel\benchmarks\Papuma.Kernel.Benchmarks\bin\Release\net10.0\Papuma.Kernel.Benchmarks-ShortRun-1
// command took 14.62 sec and exited with 0
// ***** Done, took 00:00:16 (16.14 sec)   *****
// Found 16 benchmarks:
//   DiffEngineBenchmarks.'no change (save of identical state)': ShortRun(IterationCount=3, LaunchCount=1, WarmupCount=3) [FieldCount=10]
//   DiffEngineBenchmarks.'1 leaf changed (typical update)': ShortRun(IterationCount=3, LaunchCount=1, WarmupCount=3) [FieldCount=10]
//   DiffEngineBenchmarks.'10% of leaves changed': ShortRun(IterationCount=3, LaunchCount=1, WarmupCount=3) [FieldCount=10]
//   DiffEngineBenchmarks.'insert (before = null)': ShortRun(IterationCount=3, LaunchCount=1, WarmupCount=3) [FieldCount=10]
//   DiffEngineBenchmarks.'no change (save of identical state)': ShortRun(IterationCount=3, LaunchCount=1, WarmupCount=3) [FieldCount=100]
//   DiffEngineBenchmarks.'1 leaf changed (typical update)': ShortRun(IterationCount=3, LaunchCount=1, WarmupCount=3) [FieldCount=100]
//   DiffEngineBenchmarks.'10% of leaves changed': ShortRun(IterationCount=3, LaunchCount=1, WarmupCount=3) [FieldCount=100]
//   DiffEngineBenchmarks.'insert (before = null)': ShortRun(IterationCount=3, LaunchCount=1, WarmupCount=3) [FieldCount=100]
//   DiffEngineBenchmarks.'no change (save of identical state)': ShortRun(IterationCount=3, LaunchCount=1, WarmupCount=3) [FieldCount=1000]
//   DiffEngineBenchmarks.'1 leaf changed (typical update)': ShortRun(IterationCount=3, LaunchCount=1, WarmupCount=3) [FieldCount=1000]
//   DiffEngineBenchmarks.'10% of leaves changed': ShortRun(IterationCount=3, LaunchCount=1, WarmupCount=3) [FieldCount=1000]
//   DiffEngineBenchmarks.'insert (before = null)': ShortRun(IterationCount=3, LaunchCount=1, WarmupCount=3) [FieldCount=1000]
//   DiffEngineBenchmarks.'no change (save of identical state)': ShortRun(IterationCount=3, LaunchCount=1, WarmupCount=3) [FieldCount=10000]
//   DiffEngineBenchmarks.'1 leaf changed (typical update)': ShortRun(IterationCount=3, LaunchCount=1, WarmupCount=3) [FieldCount=10000]
//   DiffEngineBenchmarks.'10% of leaves changed': ShortRun(IterationCount=3, LaunchCount=1, WarmupCount=3) [FieldCount=10000]
//   DiffEngineBenchmarks.'insert (before = null)': ShortRun(IterationCount=3, LaunchCount=1, WarmupCount=3) [FieldCount=10000]

Setup power plan (GUID: 8c5e7fda-e8bf-4a96-9a85-a6e23a8c635c FriendlyName: Höchstleistung)
// **************************
// Benchmark: DiffEngineBenchmarks.'no change (save of identical state)': ShortRun(IterationCount=3, LaunchCount=1, WarmupCount=3) [FieldCount=10]
// *** Execute ***
// Launch: 1 / 1
// Execute: dotnet Papuma.Kernel.Benchmarks-ShortRun-1.dll --anonymousPipes 2452 2484 --benchmarkName "Papuma.Kernel.Benchmarks.DiffEngineBenchmarks.NoChange(FieldCount: 10)" --job ShortRun --benchmarkId 0 in C:\Users\haraldlapp\source\private\Papuma.Kernel\benchmarks\Papuma.Kernel.Benchmarks\bin\Release\net10.0\Papuma.Kernel.Benchmarks-ShortRun-1\bin\Release\net10.0
// BeforeAnythingElse

// Benchmark Process Environment Information:
// BenchmarkDotNet v0.15.8
// Runtime=.NET 10.0.2 (10.0.2, 10.0.225.61305), X64 RyuJIT x86-64-v3
// GC=Concurrent Workstation
// HardwareIntrinsics=AVX2+BMI1+BMI2+F16C+FMA+LZCNT+MOVBE,AVX,SSE3+SSSE3+SSE4.1+SSE4.2+POPCNT,X86Base+SSE+SSE2,AES+PCLMUL,AvxVnni,SERIALIZE VectorSize=256
// Job: ShortRun(IterationCount=3, LaunchCount=1, WarmupCount=3)

OverheadJitting  1: 1 op, 323600.00 ns, 323.6000 us/op
WorkloadJitting  1: 1 op, 3089300.00 ns, 3.0893 ms/op

OverheadJitting  2: 16 op, 629300.00 ns, 39.3313 us/op
WorkloadJitting  2: 16 op, 852500.00 ns, 53.2813 us/op

WorkloadPilot    1: 16 op, 203800.00 ns, 12.7375 us/op
WorkloadPilot    2: 32 op, 362400.00 ns, 11.3250 us/op
WorkloadPilot    3: 64 op, 620500.00 ns, 9.6953 us/op
WorkloadPilot    4: 128 op, 1286500.00 ns, 10.0508 us/op
WorkloadPilot    5: 256 op, 2381400.00 ns, 9.3023 us/op
WorkloadPilot    6: 512 op, 5396300.00 ns, 10.5396 us/op
WorkloadPilot    7: 1024 op, 10372600.00 ns, 10.1295 us/op
WorkloadPilot    8: 2048 op, 23442800.00 ns, 11.4467 us/op
WorkloadPilot    9: 4096 op, 45097500.00 ns, 11.0101 us/op
WorkloadPilot   10: 8192 op, 100748400.00 ns, 12.2984 us/op
WorkloadPilot   11: 16384 op, 53530400.00 ns, 3.2672 us/op
WorkloadPilot   12: 32768 op, 66231200.00 ns, 2.0212 us/op
WorkloadPilot   13: 65536 op, 131494200.00 ns, 2.0064 us/op
WorkloadPilot   14: 131072 op, 262614100.00 ns, 2.0036 us/op
WorkloadPilot   15: 262144 op, 510945600.00 ns, 1.9491 us/op

OverheadWarmup   1: 262144 op, 1643300.00 ns, 6.2687 ns/op
OverheadWarmup   2: 262144 op, 1639600.00 ns, 6.2546 ns/op
OverheadWarmup   3: 262144 op, 1617700.00 ns, 6.1710 ns/op
OverheadWarmup   4: 262144 op, 1721400.00 ns, 6.5666 ns/op
OverheadWarmup   5: 262144 op, 1635000.00 ns, 6.2370 ns/op
OverheadWarmup   6: 262144 op, 1623800.00 ns, 6.1943 ns/op
OverheadWarmup   7: 262144 op, 1675400.00 ns, 6.3911 ns/op
OverheadWarmup   8: 262144 op, 1566800.00 ns, 5.9769 ns/op

OverheadActual   1: 262144 op, 1631300.00 ns, 6.2229 ns/op
OverheadActual   2: 262144 op, 1608500.00 ns, 6.1359 ns/op
OverheadActual   3: 262144 op, 1623600.00 ns, 6.1935 ns/op
OverheadActual   4: 262144 op, 1603700.00 ns, 6.1176 ns/op
OverheadActual   5: 262144 op, 1624000.00 ns, 6.1951 ns/op
OverheadActual   6: 262144 op, 1590900.00 ns, 6.0688 ns/op
OverheadActual   7: 262144 op, 1808700.00 ns, 6.8996 ns/op
OverheadActual   8: 262144 op, 1614400.00 ns, 6.1584 ns/op
OverheadActual   9: 262144 op, 1645500.00 ns, 6.2771 ns/op
OverheadActual  10: 262144 op, 1665200.00 ns, 6.3522 ns/op
OverheadActual  11: 262144 op, 1672600.00 ns, 6.3805 ns/op
OverheadActual  12: 262144 op, 1587300.00 ns, 6.0551 ns/op
OverheadActual  13: 262144 op, 1591700.00 ns, 6.0719 ns/op
OverheadActual  14: 262144 op, 1600800.00 ns, 6.1066 ns/op
OverheadActual  15: 262144 op, 1733000.00 ns, 6.6109 ns/op

WorkloadWarmup   1: 262144 op, 552001700.00 ns, 2.1057 us/op
WorkloadWarmup   2: 262144 op, 511390800.00 ns, 1.9508 us/op
WorkloadWarmup   3: 262144 op, 487468300.00 ns, 1.8595 us/op

// BeforeActualRun
WorkloadActual   1: 262144 op, 467771900.00 ns, 1.7844 us/op
WorkloadActual   2: 262144 op, 494216900.00 ns, 1.8853 us/op
WorkloadActual   3: 262144 op, 478112700.00 ns, 1.8239 us/op

// AfterActualRun
WorkloadResult   1: 262144 op, 466148300.00 ns, 1.7782 us/op
WorkloadResult   2: 262144 op, 492593300.00 ns, 1.8791 us/op
WorkloadResult   3: 262144 op, 476489100.00 ns, 1.8177 us/op
// GC:  49 0 0 467664896 262144
// Threading:  0 0 262144

// AfterAll
// Benchmark Process 28444 has exited with code 0.

Mean = 1.825 μs, StdErr = 0.029 μs (1.61%), N = 3, StdDev = 0.051 μs
Min = 1.778 μs, Q1 = 1.798 μs, Median = 1.818 μs, Q3 = 1.848 μs, Max = 1.879 μs
IQR = 0.050 μs, LowerFence = 1.722 μs, UpperFence = 1.924 μs
ConfidenceInterval = [0.898 μs; 2.752 μs] (CI 99.9%), Margin = 0.927 μs (50.82% of Mean)
Skewness = 0.14, Kurtosis = 0.67, MValue = 2

// ** Remained 15 (93,8 %) benchmark(s) to run. Estimated finish 2026-06-12 20:26 (0h 1m from now) **
Setup power plan (GUID: 8c5e7fda-e8bf-4a96-9a85-a6e23a8c635c FriendlyName: Höchstleistung)
// **************************
// Benchmark: DiffEngineBenchmarks.'1 leaf changed (typical update)': ShortRun(IterationCount=3, LaunchCount=1, WarmupCount=3) [FieldCount=10]
// *** Execute ***
// Launch: 1 / 1
// Execute: dotnet Papuma.Kernel.Benchmarks-ShortRun-1.dll --anonymousPipes 1364 2496 --benchmarkName "Papuma.Kernel.Benchmarks.DiffEngineBenchmarks.OneFieldChanged(FieldCount: 10)" --job ShortRun --benchmarkId 1 in C:\Users\haraldlapp\source\private\Papuma.Kernel\benchmarks\Papuma.Kernel.Benchmarks\bin\Release\net10.0\Papuma.Kernel.Benchmarks-ShortRun-1\bin\Release\net10.0
// BeforeAnythingElse

// Benchmark Process Environment Information:
// BenchmarkDotNet v0.15.8
// Runtime=.NET 10.0.2 (10.0.2, 10.0.225.61305), X64 RyuJIT x86-64-v3
// GC=Concurrent Workstation
// HardwareIntrinsics=AVX2+BMI1+BMI2+F16C+FMA+LZCNT+MOVBE,AVX,SSE3+SSSE3+SSE4.1+SSE4.2+POPCNT,X86Base+SSE+SSE2,AES+PCLMUL,AvxVnni,SERIALIZE VectorSize=256
// Job: ShortRun(IterationCount=3, LaunchCount=1, WarmupCount=3)

OverheadJitting  1: 1 op, 280900.00 ns, 280.9000 us/op
WorkloadJitting  1: 1 op, 4260600.00 ns, 4.2606 ms/op

OverheadJitting  2: 16 op, 530700.00 ns, 33.1688 us/op
WorkloadJitting  2: 16 op, 740300.00 ns, 46.2688 us/op

WorkloadPilot    1: 16 op, 184700.00 ns, 11.5438 us/op
WorkloadPilot    2: 32 op, 289400.00 ns, 9.0438 us/op
WorkloadPilot    3: 64 op, 548500.00 ns, 8.5703 us/op
WorkloadPilot    4: 128 op, 1093500.00 ns, 8.5430 us/op
WorkloadPilot    5: 256 op, 2153700.00 ns, 8.4129 us/op
WorkloadPilot    6: 512 op, 5066900.00 ns, 9.8963 us/op
WorkloadPilot    7: 1024 op, 9259000.00 ns, 9.0420 us/op
WorkloadPilot    8: 2048 op, 19470300.00 ns, 9.5070 us/op
WorkloadPilot    9: 4096 op, 34973700.00 ns, 8.5385 us/op
WorkloadPilot   10: 8192 op, 72277100.00 ns, 8.8229 us/op
WorkloadPilot   11: 16384 op, 101396700.00 ns, 6.1888 us/op
WorkloadPilot   12: 32768 op, 68119900.00 ns, 2.0789 us/op
WorkloadPilot   13: 65536 op, 128022200.00 ns, 1.9535 us/op
WorkloadPilot   14: 131072 op, 256634100.00 ns, 1.9580 us/op
WorkloadPilot   15: 262144 op, 497770800.00 ns, 1.8988 us/op
WorkloadPilot   16: 524288 op, 1010966500.00 ns, 1.9283 us/op

OverheadWarmup   1: 524288 op, 2980500.00 ns, 5.6849 ns/op
OverheadWarmup   2: 524288 op, 2928200.00 ns, 5.5851 ns/op
OverheadWarmup   3: 524288 op, 2743100.00 ns, 5.2320 ns/op
OverheadWarmup   4: 524288 op, 2633800.00 ns, 5.0236 ns/op
OverheadWarmup   5: 524288 op, 2497100.00 ns, 4.7628 ns/op
OverheadWarmup   6: 524288 op, 2382800.00 ns, 4.5448 ns/op
OverheadWarmup   7: 524288 op, 2321400.00 ns, 4.4277 ns/op
OverheadWarmup   8: 524288 op, 2410500.00 ns, 4.5977 ns/op
OverheadWarmup   9: 524288 op, 2439000.00 ns, 4.6520 ns/op
OverheadWarmup  10: 524288 op, 2329200.00 ns, 4.4426 ns/op

OverheadActual   1: 524288 op, 2356200.00 ns, 4.4941 ns/op
OverheadActual   2: 524288 op, 2590900.00 ns, 4.9417 ns/op
OverheadActual   3: 524288 op, 2678600.00 ns, 5.1090 ns/op
OverheadActual   4: 524288 op, 2661800.00 ns, 5.0770 ns/op
OverheadActual   5: 524288 op, 2608300.00 ns, 4.9749 ns/op
OverheadActual   6: 524288 op, 2659100.00 ns, 5.0718 ns/op
OverheadActual   7: 524288 op, 2583800.00 ns, 4.9282 ns/op
OverheadActual   8: 524288 op, 2520900.00 ns, 4.8082 ns/op
OverheadActual   9: 524288 op, 2462000.00 ns, 4.6959 ns/op
OverheadActual  10: 524288 op, 2464200.00 ns, 4.7001 ns/op
OverheadActual  11: 524288 op, 2442000.00 ns, 4.6577 ns/op
OverheadActual  12: 524288 op, 2485500.00 ns, 4.7407 ns/op
OverheadActual  13: 524288 op, 2464400.00 ns, 4.7005 ns/op
OverheadActual  14: 524288 op, 2486300.00 ns, 4.7422 ns/op
OverheadActual  15: 524288 op, 2465700.00 ns, 4.7029 ns/op

WorkloadWarmup   1: 524288 op, 1058059700.00 ns, 2.0181 us/op
WorkloadWarmup   2: 524288 op, 1086218300.00 ns, 2.0718 us/op
WorkloadWarmup   3: 524288 op, 1136610900.00 ns, 2.1679 us/op

// BeforeActualRun
WorkloadActual   1: 524288 op, 1070790500.00 ns, 2.0424 us/op
WorkloadActual   2: 524288 op, 1038291800.00 ns, 1.9804 us/op
WorkloadActual   3: 524288 op, 998580200.00 ns, 1.9046 us/op

// AfterActualRun
WorkloadResult   1: 524288 op, 1068304200.00 ns, 2.0376 us/op
WorkloadResult   2: 524288 op, 1035805500.00 ns, 1.9756 us/op
WorkloadResult   3: 524288 op, 996093900.00 ns, 1.8999 us/op
// GC:  111 0 0 1052770304 524288
// Threading:  0 0 524288

// AfterAll
// Benchmark Process 37776 has exited with code 0.

Mean = 1.971 μs, StdErr = 0.040 μs (2.02%), N = 3, StdDev = 0.069 μs
Min = 1.900 μs, Q1 = 1.938 μs, Median = 1.976 μs, Q3 = 2.007 μs, Max = 2.038 μs
IQR = 0.069 μs, LowerFence = 1.834 μs, UpperFence = 2.110 μs
ConfidenceInterval = [0.713 μs; 3.229 μs] (CI 99.9%), Margin = 1.258 μs (63.85% of Mean)
Skewness = -0.07, Kurtosis = 0.67, MValue = 2

// ** Remained 14 (87,5 %) benchmark(s) to run. Estimated finish 2026-06-12 20:27 (0h 1m from now) **
Setup power plan (GUID: 8c5e7fda-e8bf-4a96-9a85-a6e23a8c635c FriendlyName: Höchstleistung)
// **************************
// Benchmark: DiffEngineBenchmarks.'10% of leaves changed': ShortRun(IterationCount=3, LaunchCount=1, WarmupCount=3) [FieldCount=10]
// *** Execute ***
// Launch: 1 / 1
// Execute: dotnet Papuma.Kernel.Benchmarks-ShortRun-1.dll --anonymousPipes 2456 2612 --benchmarkName "Papuma.Kernel.Benchmarks.DiffEngineBenchmarks.TenPercentChanged(FieldCount: 10)" --job ShortRun --benchmarkId 2 in C:\Users\haraldlapp\source\private\Papuma.Kernel\benchmarks\Papuma.Kernel.Benchmarks\bin\Release\net10.0\Papuma.Kernel.Benchmarks-ShortRun-1\bin\Release\net10.0
// BeforeAnythingElse

// Benchmark Process Environment Information:
// BenchmarkDotNet v0.15.8
// Runtime=.NET 10.0.2 (10.0.2, 10.0.225.61305), X64 RyuJIT x86-64-v3
// GC=Concurrent Workstation
// HardwareIntrinsics=AVX2+BMI1+BMI2+F16C+FMA+LZCNT+MOVBE,AVX,SSE3+SSSE3+SSE4.1+SSE4.2+POPCNT,X86Base+SSE+SSE2,AES+PCLMUL,AvxVnni,SERIALIZE VectorSize=256
// Job: ShortRun(IterationCount=3, LaunchCount=1, WarmupCount=3)

OverheadJitting  1: 1 op, 233800.00 ns, 233.8000 us/op
WorkloadJitting  1: 1 op, 3475700.00 ns, 3.4757 ms/op

OverheadJitting  2: 16 op, 423000.00 ns, 26.4375 us/op
WorkloadJitting  2: 16 op, 551600.00 ns, 34.4750 us/op

WorkloadPilot    1: 16 op, 136000.00 ns, 8.5000 us/op
WorkloadPilot    2: 32 op, 270300.00 ns, 8.4469 us/op
WorkloadPilot    3: 64 op, 460300.00 ns, 7.1922 us/op
WorkloadPilot    4: 128 op, 898700.00 ns, 7.0211 us/op
WorkloadPilot    5: 256 op, 1908900.00 ns, 7.4566 us/op
WorkloadPilot    6: 512 op, 4154800.00 ns, 8.1148 us/op
WorkloadPilot    7: 1024 op, 8381900.00 ns, 8.1854 us/op
WorkloadPilot    8: 2048 op, 16522600.00 ns, 8.0677 us/op
WorkloadPilot    9: 4096 op, 34455000.00 ns, 8.4119 us/op
WorkloadPilot   10: 8192 op, 71475300.00 ns, 8.7250 us/op
WorkloadPilot   11: 16384 op, 119409600.00 ns, 7.2882 us/op
WorkloadPilot   12: 32768 op, 58342000.00 ns, 1.7805 us/op
WorkloadPilot   13: 65536 op, 124994200.00 ns, 1.9073 us/op
WorkloadPilot   14: 131072 op, 238244800.00 ns, 1.8177 us/op
WorkloadPilot   15: 262144 op, 477409200.00 ns, 1.8212 us/op
WorkloadPilot   16: 524288 op, 974138200.00 ns, 1.8580 us/op

OverheadWarmup   1: 524288 op, 2760900.00 ns, 5.2660 ns/op
OverheadWarmup   2: 524288 op, 2681000.00 ns, 5.1136 ns/op
OverheadWarmup   3: 524288 op, 2557000.00 ns, 4.8771 ns/op
OverheadWarmup   4: 524288 op, 2548200.00 ns, 4.8603 ns/op
OverheadWarmup   5: 524288 op, 2531200.00 ns, 4.8279 ns/op
OverheadWarmup   6: 524288 op, 2469000.00 ns, 4.7092 ns/op
OverheadWarmup   7: 524288 op, 2462300.00 ns, 4.6965 ns/op
OverheadWarmup   8: 524288 op, 2428400.00 ns, 4.6318 ns/op
OverheadWarmup   9: 524288 op, 2443200.00 ns, 4.6600 ns/op
OverheadWarmup  10: 524288 op, 2476700.00 ns, 4.7239 ns/op

OverheadActual   1: 524288 op, 2757900.00 ns, 5.2603 ns/op
OverheadActual   2: 524288 op, 2725400.00 ns, 5.1983 ns/op
OverheadActual   3: 524288 op, 2668700.00 ns, 5.0901 ns/op
OverheadActual   4: 524288 op, 2713300.00 ns, 5.1752 ns/op
OverheadActual   5: 524288 op, 2734800.00 ns, 5.2162 ns/op
OverheadActual   6: 524288 op, 2686700.00 ns, 5.1245 ns/op
OverheadActual   7: 524288 op, 2787500.00 ns, 5.3167 ns/op
OverheadActual   8: 524288 op, 2796400.00 ns, 5.3337 ns/op
OverheadActual   9: 524288 op, 2727600.00 ns, 5.2025 ns/op
OverheadActual  10: 524288 op, 2758600.00 ns, 5.2616 ns/op
OverheadActual  11: 524288 op, 2749900.00 ns, 5.2450 ns/op
OverheadActual  12: 524288 op, 2907900.00 ns, 5.5464 ns/op
OverheadActual  13: 524288 op, 3003400.00 ns, 5.7285 ns/op
OverheadActual  14: 524288 op, 3106500.00 ns, 5.9252 ns/op
OverheadActual  15: 524288 op, 3308900.00 ns, 6.3112 ns/op

WorkloadWarmup   1: 524288 op, 1095712100.00 ns, 2.0899 us/op
WorkloadWarmup   2: 524288 op, 1061629900.00 ns, 2.0249 us/op
WorkloadWarmup   3: 524288 op, 1055243500.00 ns, 2.0127 us/op

// BeforeActualRun
WorkloadActual   1: 524288 op, 1040876000.00 ns, 1.9853 us/op
WorkloadActual   2: 524288 op, 963693700.00 ns, 1.8381 us/op
WorkloadActual   3: 524288 op, 979455100.00 ns, 1.8682 us/op

// AfterActualRun
WorkloadResult   1: 524288 op, 1038118100.00 ns, 1.9801 us/op
WorkloadResult   2: 524288 op, 960935800.00 ns, 1.8328 us/op
WorkloadResult   3: 524288 op, 976697200.00 ns, 1.8629 us/op
// GC:  111 0 0 1052770304 524288
// Threading:  0 0 524288

// AfterAll
// Benchmark Process 14940 has exited with code 0.

Mean = 1.892 μs, StdErr = 0.045 μs (2.37%), N = 3, StdDev = 0.078 μs
Min = 1.833 μs, Q1 = 1.848 μs, Median = 1.863 μs, Q3 = 1.921 μs, Max = 1.980 μs
IQR = 0.074 μs, LowerFence = 1.737 μs, UpperFence = 2.032 μs
ConfidenceInterval = [0.473 μs; 3.311 μs] (CI 99.9%), Margin = 1.419 μs (75.00% of Mean)
Skewness = 0.32, Kurtosis = 0.67, MValue = 2

// ** Remained 13 (81,2 %) benchmark(s) to run. Estimated finish 2026-06-12 20:27 (0h 1m from now) **
Setup power plan (GUID: 8c5e7fda-e8bf-4a96-9a85-a6e23a8c635c FriendlyName: Höchstleistung)
// **************************
// Benchmark: DiffEngineBenchmarks.'insert (before = null)': ShortRun(IterationCount=3, LaunchCount=1, WarmupCount=3) [FieldCount=10]
// *** Execute ***
// Launch: 1 / 1
// Execute: dotnet Papuma.Kernel.Benchmarks-ShortRun-1.dll --anonymousPipes 2580 2576 --benchmarkName "Papuma.Kernel.Benchmarks.DiffEngineBenchmarks.Insert(FieldCount: 10)" --job ShortRun --benchmarkId 3 in C:\Users\haraldlapp\source\private\Papuma.Kernel\benchmarks\Papuma.Kernel.Benchmarks\bin\Release\net10.0\Papuma.Kernel.Benchmarks-ShortRun-1\bin\Release\net10.0
// BeforeAnythingElse

// Benchmark Process Environment Information:
// BenchmarkDotNet v0.15.8
// Runtime=.NET 10.0.2 (10.0.2, 10.0.225.61305), X64 RyuJIT x86-64-v3
// GC=Concurrent Workstation
// HardwareIntrinsics=AVX2+BMI1+BMI2+F16C+FMA+LZCNT+MOVBE,AVX,SSE3+SSSE3+SSE4.1+SSE4.2+POPCNT,X86Base+SSE+SSE2,AES+PCLMUL,AvxVnni,SERIALIZE VectorSize=256
// Job: ShortRun(IterationCount=3, LaunchCount=1, WarmupCount=3)

OverheadJitting  1: 1 op, 232100.00 ns, 232.1000 us/op
WorkloadJitting  1: 1 op, 4147300.00 ns, 4.1473 ms/op

OverheadJitting  2: 16 op, 505600.00 ns, 31.6000 us/op
WorkloadJitting  2: 16 op, 615400.00 ns, 38.4625 us/op

WorkloadPilot    1: 16 op, 179900.00 ns, 11.2438 us/op
WorkloadPilot    2: 32 op, 299900.00 ns, 9.3719 us/op
WorkloadPilot    3: 64 op, 571000.00 ns, 8.9219 us/op
WorkloadPilot    4: 128 op, 999500.00 ns, 7.8086 us/op
WorkloadPilot    5: 256 op, 2048700.00 ns, 8.0027 us/op
WorkloadPilot    6: 512 op, 3858700.00 ns, 7.5365 us/op
WorkloadPilot    7: 1024 op, 8570600.00 ns, 8.3697 us/op
WorkloadPilot    8: 2048 op, 16227900.00 ns, 7.9238 us/op
WorkloadPilot    9: 4096 op, 28292400.00 ns, 6.9073 us/op
WorkloadPilot   10: 8192 op, 58135300.00 ns, 7.0966 us/op
WorkloadPilot   11: 16384 op, 118584300.00 ns, 7.2378 us/op
WorkloadPilot   12: 32768 op, 64550600.00 ns, 1.9699 us/op
WorkloadPilot   13: 65536 op, 90923000.00 ns, 1.3874 us/op
WorkloadPilot   14: 131072 op, 190741300.00 ns, 1.4552 us/op
WorkloadPilot   15: 262144 op, 380474900.00 ns, 1.4514 us/op
WorkloadPilot   16: 524288 op, 759424800.00 ns, 1.4485 us/op

OverheadWarmup   1: 524288 op, 3158900.00 ns, 6.0251 ns/op
OverheadWarmup   2: 524288 op, 3069700.00 ns, 5.8550 ns/op
OverheadWarmup   3: 524288 op, 2904400.00 ns, 5.5397 ns/op
OverheadWarmup   4: 524288 op, 2849100.00 ns, 5.4342 ns/op
OverheadWarmup   5: 524288 op, 2750900.00 ns, 5.2469 ns/op
OverheadWarmup   6: 524288 op, 2657800.00 ns, 5.0694 ns/op
OverheadWarmup   7: 524288 op, 2570800.00 ns, 4.9034 ns/op
OverheadWarmup   8: 524288 op, 2504000.00 ns, 4.7760 ns/op
OverheadWarmup   9: 524288 op, 2485300.00 ns, 4.7403 ns/op
OverheadWarmup  10: 524288 op, 2505000.00 ns, 4.7779 ns/op

OverheadActual   1: 524288 op, 2566800.00 ns, 4.8958 ns/op
OverheadActual   2: 524288 op, 2821500.00 ns, 5.3816 ns/op
OverheadActual   3: 524288 op, 2622400.00 ns, 5.0018 ns/op
OverheadActual   4: 524288 op, 2638100.00 ns, 5.0318 ns/op
OverheadActual   5: 524288 op, 2658600.00 ns, 5.0709 ns/op
OverheadActual   6: 524288 op, 2634300.00 ns, 5.0245 ns/op
OverheadActual   7: 524288 op, 2670800.00 ns, 5.0941 ns/op
OverheadActual   8: 524288 op, 2763100.00 ns, 5.2702 ns/op
OverheadActual   9: 524288 op, 2808400.00 ns, 5.3566 ns/op
OverheadActual  10: 524288 op, 2945900.00 ns, 5.6189 ns/op
OverheadActual  11: 524288 op, 2992500.00 ns, 5.7077 ns/op
OverheadActual  12: 524288 op, 2888500.00 ns, 5.5094 ns/op
OverheadActual  13: 524288 op, 2823900.00 ns, 5.3862 ns/op
OverheadActual  14: 524288 op, 2788900.00 ns, 5.3194 ns/op
OverheadActual  15: 524288 op, 2723600.00 ns, 5.1949 ns/op

WorkloadWarmup   1: 524288 op, 834077700.00 ns, 1.5909 us/op
WorkloadWarmup   2: 524288 op, 838536500.00 ns, 1.5994 us/op
WorkloadWarmup   3: 524288 op, 981039300.00 ns, 1.8712 us/op

// BeforeActualRun
WorkloadActual   1: 524288 op, 853729600.00 ns, 1.6284 us/op
WorkloadActual   2: 524288 op, 841592100.00 ns, 1.6052 us/op
WorkloadActual   3: 524288 op, 801384800.00 ns, 1.5285 us/op

// AfterActualRun
WorkloadResult   1: 524288 op, 850966500.00 ns, 1.6231 us/op
WorkloadResult   2: 524288 op, 838829000.00 ns, 1.5999 us/op
WorkloadResult   3: 524288 op, 798621700.00 ns, 1.5233 us/op
// GC:  212 2 0 2000683008 524288
// Threading:  0 0 524288

// AfterAll
// Benchmark Process 34292 has exited with code 0.

Mean = 1.582 μs, StdErr = 0.030 μs (1.91%), N = 3, StdDev = 0.052 μs
Min = 1.523 μs, Q1 = 1.562 μs, Median = 1.600 μs, Q3 = 1.612 μs, Max = 1.623 μs
IQR = 0.050 μs, LowerFence = 1.487 μs, UpperFence = 1.686 μs
ConfidenceInterval = [0.629 μs; 2.535 μs] (CI 99.9%), Margin = 0.953 μs (60.26% of Mean)
Skewness = -0.3, Kurtosis = 0.67, MValue = 2

// ** Remained 12 (75,0 %) benchmark(s) to run. Estimated finish 2026-06-12 20:27 (0h 1m from now) **
Setup power plan (GUID: 8c5e7fda-e8bf-4a96-9a85-a6e23a8c635c FriendlyName: Höchstleistung)
// **************************
// Benchmark: DiffEngineBenchmarks.'no change (save of identical state)': ShortRun(IterationCount=3, LaunchCount=1, WarmupCount=3) [FieldCount=100]
// *** Execute ***
// Launch: 1 / 1
// Execute: dotnet Papuma.Kernel.Benchmarks-ShortRun-1.dll --anonymousPipes 2696 2692 --benchmarkName "Papuma.Kernel.Benchmarks.DiffEngineBenchmarks.NoChange(FieldCount: 100)" --job ShortRun --benchmarkId 4 in C:\Users\haraldlapp\source\private\Papuma.Kernel\benchmarks\Papuma.Kernel.Benchmarks\bin\Release\net10.0\Papuma.Kernel.Benchmarks-ShortRun-1\bin\Release\net10.0
// BeforeAnythingElse

// Benchmark Process Environment Information:
// BenchmarkDotNet v0.15.8
// Runtime=.NET 10.0.2 (10.0.2, 10.0.225.61305), X64 RyuJIT x86-64-v3
// GC=Concurrent Workstation
// HardwareIntrinsics=AVX2+BMI1+BMI2+F16C+FMA+LZCNT+MOVBE,AVX,SSE3+SSSE3+SSE4.1+SSE4.2+POPCNT,X86Base+SSE+SSE2,AES+PCLMUL,AvxVnni,SERIALIZE VectorSize=256
// Job: ShortRun(IterationCount=3, LaunchCount=1, WarmupCount=3)

OverheadJitting  1: 1 op, 239500.00 ns, 239.5000 us/op
WorkloadJitting  1: 1 op, 2637300.00 ns, 2.6373 ms/op

OverheadJitting  2: 16 op, 590800.00 ns, 36.9250 us/op
WorkloadJitting  2: 16 op, 1391400.00 ns, 86.9625 us/op

WorkloadPilot    1: 16 op, 896800.00 ns, 56.0500 us/op
WorkloadPilot    2: 32 op, 1634000.00 ns, 51.0625 us/op
WorkloadPilot    3: 64 op, 3404400.00 ns, 53.1938 us/op
WorkloadPilot    4: 128 op, 8106400.00 ns, 63.3313 us/op
WorkloadPilot    5: 256 op, 14316900.00 ns, 55.9254 us/op
WorkloadPilot    6: 512 op, 29305700.00 ns, 57.2377 us/op
WorkloadPilot    7: 1024 op, 58028600.00 ns, 56.6686 us/op
WorkloadPilot    8: 2048 op, 117333900.00 ns, 57.2919 us/op
WorkloadPilot    9: 4096 op, 66453900.00 ns, 16.2241 us/op
WorkloadPilot   10: 8192 op, 126779300.00 ns, 15.4760 us/op
WorkloadPilot   11: 16384 op, 232027700.00 ns, 14.1618 us/op
WorkloadPilot   12: 32768 op, 478493700.00 ns, 14.6025 us/op
WorkloadPilot   13: 65536 op, 953091000.00 ns, 14.5430 us/op

OverheadWarmup   1: 65536 op, 418400.00 ns, 6.3843 ns/op
OverheadWarmup   2: 65536 op, 400600.00 ns, 6.1127 ns/op
OverheadWarmup   3: 65536 op, 393700.00 ns, 6.0074 ns/op
OverheadWarmup   4: 65536 op, 382400.00 ns, 5.8350 ns/op
OverheadWarmup   5: 65536 op, 389700.00 ns, 5.9464 ns/op
OverheadWarmup   6: 65536 op, 357900.00 ns, 5.4611 ns/op
OverheadWarmup   7: 65536 op, 357500.00 ns, 5.4550 ns/op
OverheadWarmup   8: 65536 op, 383400.00 ns, 5.8502 ns/op
OverheadWarmup   9: 65536 op, 368800.00 ns, 5.6274 ns/op

OverheadActual   1: 65536 op, 363100.00 ns, 5.5405 ns/op
OverheadActual   2: 65536 op, 365500.00 ns, 5.5771 ns/op
OverheadActual   3: 65536 op, 341800.00 ns, 5.2155 ns/op
OverheadActual   4: 65536 op, 375300.00 ns, 5.7266 ns/op
OverheadActual   5: 65536 op, 351900.00 ns, 5.3696 ns/op
OverheadActual   6: 65536 op, 340000.00 ns, 5.1880 ns/op
OverheadActual   7: 65536 op, 330400.00 ns, 5.0415 ns/op
OverheadActual   8: 65536 op, 337500.00 ns, 5.1498 ns/op
OverheadActual   9: 65536 op, 349100.00 ns, 5.3268 ns/op
OverheadActual  10: 65536 op, 320100.00 ns, 4.8843 ns/op
OverheadActual  11: 65536 op, 364600.00 ns, 5.5634 ns/op
OverheadActual  12: 65536 op, 332000.00 ns, 5.0659 ns/op
OverheadActual  13: 65536 op, 327000.00 ns, 4.9896 ns/op
OverheadActual  14: 65536 op, 331900.00 ns, 5.0644 ns/op
OverheadActual  15: 65536 op, 317900.00 ns, 4.8508 ns/op
OverheadActual  16: 65536 op, 327000.00 ns, 4.9896 ns/op
OverheadActual  17: 65536 op, 326200.00 ns, 4.9774 ns/op

WorkloadWarmup   1: 65536 op, 937746500.00 ns, 14.3089 us/op
WorkloadWarmup   2: 65536 op, 972279800.00 ns, 14.8358 us/op
WorkloadWarmup   3: 65536 op, 1052570700.00 ns, 16.0610 us/op

// BeforeActualRun
WorkloadActual   1: 65536 op, 1060565600.00 ns, 16.1829 us/op
WorkloadActual   2: 65536 op, 1039962500.00 ns, 15.8686 us/op
WorkloadActual   3: 65536 op, 994027800.00 ns, 15.1677 us/op

// AfterActualRun
WorkloadResult   1: 65536 op, 1060228100.00 ns, 16.1778 us/op
WorkloadResult   2: 65536 op, 1039625000.00 ns, 15.8634 us/op
WorkloadResult   3: 65536 op, 993690300.00 ns, 15.1625 us/op
// GC:  55 0 0 521142272 65536
// Threading:  0 0 65536

// AfterAll
// Benchmark Process 32400 has exited with code 0.

Mean = 15.735 μs, StdErr = 0.300 μs (1.91%), N = 3, StdDev = 0.520 μs
Min = 15.163 μs, Q1 = 15.513 μs, Median = 15.863 μs, Q3 = 16.021 μs, Max = 16.178 μs
IQR = 0.508 μs, LowerFence = 14.751 μs, UpperFence = 16.782 μs
ConfidenceInterval = [6.252 μs; 25.217 μs] (CI 99.9%), Margin = 9.482 μs (60.26% of Mean)
Skewness = -0.23, Kurtosis = 0.67, MValue = 2

// ** Remained 11 (68,8 %) benchmark(s) to run. Estimated finish 2026-06-12 20:27 (0h 1m from now) **
Setup power plan (GUID: 8c5e7fda-e8bf-4a96-9a85-a6e23a8c635c FriendlyName: Höchstleistung)
// **************************
// Benchmark: DiffEngineBenchmarks.'1 leaf changed (typical update)': ShortRun(IterationCount=3, LaunchCount=1, WarmupCount=3) [FieldCount=100]
// *** Execute ***
// Launch: 1 / 1
// Execute: dotnet Papuma.Kernel.Benchmarks-ShortRun-1.dll --anonymousPipes 2696 2692 --benchmarkName "Papuma.Kernel.Benchmarks.DiffEngineBenchmarks.OneFieldChanged(FieldCount: 100)" --job ShortRun --benchmarkId 5 in C:\Users\haraldlapp\source\private\Papuma.Kernel\benchmarks\Papuma.Kernel.Benchmarks\bin\Release\net10.0\Papuma.Kernel.Benchmarks-ShortRun-1\bin\Release\net10.0
// BeforeAnythingElse

// Benchmark Process Environment Information:
// BenchmarkDotNet v0.15.8
// Runtime=.NET 10.0.2 (10.0.2, 10.0.225.61305), X64 RyuJIT x86-64-v3
// GC=Concurrent Workstation
// HardwareIntrinsics=AVX2+BMI1+BMI2+F16C+FMA+LZCNT+MOVBE,AVX,SSE3+SSSE3+SSE4.1+SSE4.2+POPCNT,X86Base+SSE+SSE2,AES+PCLMUL,AvxVnni,SERIALIZE VectorSize=256
// Job: ShortRun(IterationCount=3, LaunchCount=1, WarmupCount=3)

OverheadJitting  1: 1 op, 275300.00 ns, 275.3000 us/op
WorkloadJitting  1: 1 op, 3546300.00 ns, 3.5463 ms/op

OverheadJitting  2: 16 op, 488300.00 ns, 30.5188 us/op
WorkloadJitting  2: 16 op, 1266000.00 ns, 79.1250 us/op

WorkloadPilot    1: 16 op, 726100.00 ns, 45.3813 us/op
WorkloadPilot    2: 32 op, 1494900.00 ns, 46.7156 us/op
WorkloadPilot    3: 64 op, 3352400.00 ns, 52.3813 us/op
WorkloadPilot    4: 128 op, 6716200.00 ns, 52.4703 us/op
WorkloadPilot    5: 256 op, 13076000.00 ns, 51.0781 us/op
WorkloadPilot    6: 512 op, 27896200.00 ns, 54.4848 us/op
WorkloadPilot    7: 1024 op, 57614800.00 ns, 56.2645 us/op
WorkloadPilot    8: 2048 op, 129072200.00 ns, 63.0235 us/op
WorkloadPilot    9: 4096 op, 63654300.00 ns, 15.5406 us/op
WorkloadPilot   10: 8192 op, 129256100.00 ns, 15.7783 us/op
WorkloadPilot   11: 16384 op, 228661500.00 ns, 13.9564 us/op
WorkloadPilot   12: 32768 op, 487833200.00 ns, 14.8875 us/op
WorkloadPilot   13: 65536 op, 918759100.00 ns, 14.0192 us/op

OverheadWarmup   1: 65536 op, 363900.00 ns, 5.5527 ns/op
OverheadWarmup   2: 65536 op, 355600.00 ns, 5.4260 ns/op
OverheadWarmup   3: 65536 op, 345400.00 ns, 5.2704 ns/op
OverheadWarmup   4: 65536 op, 339100.00 ns, 5.1743 ns/op
OverheadWarmup   5: 65536 op, 341300.00 ns, 5.2078 ns/op
OverheadWarmup   6: 65536 op, 344500.00 ns, 5.2567 ns/op
OverheadWarmup   7: 65536 op, 328100.00 ns, 5.0064 ns/op
OverheadWarmup   8: 65536 op, 317900.00 ns, 4.8508 ns/op
OverheadWarmup   9: 65536 op, 322700.00 ns, 4.9240 ns/op
OverheadWarmup  10: 65536 op, 320500.00 ns, 4.8904 ns/op

OverheadActual   1: 65536 op, 340700.00 ns, 5.1987 ns/op
OverheadActual   2: 65536 op, 307400.00 ns, 4.6906 ns/op
OverheadActual   3: 65536 op, 303400.00 ns, 4.6295 ns/op
OverheadActual   4: 65536 op, 290100.00 ns, 4.4266 ns/op
OverheadActual   5: 65536 op, 296700.00 ns, 4.5273 ns/op
OverheadActual   6: 65536 op, 303400.00 ns, 4.6295 ns/op
OverheadActual   7: 65536 op, 305700.00 ns, 4.6646 ns/op
OverheadActual   8: 65536 op, 290100.00 ns, 4.4266 ns/op
OverheadActual   9: 65536 op, 305800.00 ns, 4.6661 ns/op
OverheadActual  10: 65536 op, 292100.00 ns, 4.4571 ns/op
OverheadActual  11: 65536 op, 322000.00 ns, 4.9133 ns/op
OverheadActual  12: 65536 op, 293200.00 ns, 4.4739 ns/op
OverheadActual  13: 65536 op, 303700.00 ns, 4.6341 ns/op
OverheadActual  14: 65536 op, 307500.00 ns, 4.6921 ns/op
OverheadActual  15: 65536 op, 303300.00 ns, 4.6280 ns/op

WorkloadWarmup   1: 65536 op, 946060900.00 ns, 14.4357 us/op
WorkloadWarmup   2: 65536 op, 973636700.00 ns, 14.8565 us/op
WorkloadWarmup   3: 65536 op, 1034810000.00 ns, 15.7899 us/op

// BeforeActualRun
WorkloadActual   1: 65536 op, 1064838900.00 ns, 16.2482 us/op
WorkloadActual   2: 65536 op, 1015752900.00 ns, 15.4992 us/op
WorkloadActual   3: 65536 op, 1048037500.00 ns, 15.9918 us/op

// AfterActualRun
WorkloadResult   1: 65536 op, 1064535500.00 ns, 16.2435 us/op
WorkloadResult   2: 65536 op, 1015449500.00 ns, 15.4945 us/op
WorkloadResult   3: 65536 op, 1047734100.00 ns, 15.9872 us/op
// GC:  56 0 0 535822336 65536
// Threading:  0 0 65536

// AfterAll
// Benchmark Process 18088 has exited with code 0.

Mean = 15.908 μs, StdErr = 0.220 μs (1.38%), N = 3, StdDev = 0.381 μs
Min = 15.495 μs, Q1 = 15.741 μs, Median = 15.987 μs, Q3 = 16.115 μs, Max = 16.244 μs
IQR = 0.374 μs, LowerFence = 15.179 μs, UpperFence = 16.677 μs
ConfidenceInterval = [8.964 μs; 22.853 μs] (CI 99.9%), Margin = 6.945 μs (43.65% of Mean)
Skewness = -0.2, Kurtosis = 0.67, MValue = 2

// ** Remained 10 (62,5 %) benchmark(s) to run. Estimated finish 2026-06-12 20:27 (0h 1m from now) **
Setup power plan (GUID: 8c5e7fda-e8bf-4a96-9a85-a6e23a8c635c FriendlyName: Höchstleistung)
// **************************
// Benchmark: DiffEngineBenchmarks.'10% of leaves changed': ShortRun(IterationCount=3, LaunchCount=1, WarmupCount=3) [FieldCount=100]
// *** Execute ***
// Launch: 1 / 1
// Execute: dotnet Papuma.Kernel.Benchmarks-ShortRun-1.dll --anonymousPipes 2684 2664 --benchmarkName "Papuma.Kernel.Benchmarks.DiffEngineBenchmarks.TenPercentChanged(FieldCount: 100)" --job ShortRun --benchmarkId 6 in C:\Users\haraldlapp\source\private\Papuma.Kernel\benchmarks\Papuma.Kernel.Benchmarks\bin\Release\net10.0\Papuma.Kernel.Benchmarks-ShortRun-1\bin\Release\net10.0
// BeforeAnythingElse

// Benchmark Process Environment Information:
// BenchmarkDotNet v0.15.8
// Runtime=.NET 10.0.2 (10.0.2, 10.0.225.61305), X64 RyuJIT x86-64-v3
// GC=Concurrent Workstation
// HardwareIntrinsics=AVX2+BMI1+BMI2+F16C+FMA+LZCNT+MOVBE,AVX,SSE3+SSSE3+SSE4.1+SSE4.2+POPCNT,X86Base+SSE+SSE2,AES+PCLMUL,AvxVnni,SERIALIZE VectorSize=256
// Job: ShortRun(IterationCount=3, LaunchCount=1, WarmupCount=3)

OverheadJitting  1: 1 op, 209700.00 ns, 209.7000 us/op
WorkloadJitting  1: 1 op, 4246400.00 ns, 4.2464 ms/op

OverheadJitting  2: 16 op, 412200.00 ns, 25.7625 us/op
WorkloadJitting  2: 16 op, 1211100.00 ns, 75.6938 us/op

WorkloadPilot    1: 16 op, 771700.00 ns, 48.2313 us/op
WorkloadPilot    2: 32 op, 1577200.00 ns, 49.2875 us/op
WorkloadPilot    3: 64 op, 3640100.00 ns, 56.8766 us/op
WorkloadPilot    4: 128 op, 6932400.00 ns, 54.1594 us/op
WorkloadPilot    5: 256 op, 15219900.00 ns, 59.4527 us/op
WorkloadPilot    6: 512 op, 30779300.00 ns, 60.1158 us/op
WorkloadPilot    7: 1024 op, 66065700.00 ns, 64.5173 us/op
WorkloadPilot    8: 2048 op, 127652400.00 ns, 62.3303 us/op
WorkloadPilot    9: 4096 op, 73769100.00 ns, 18.0100 us/op
WorkloadPilot   10: 8192 op, 125997100.00 ns, 15.3805 us/op
WorkloadPilot   11: 16384 op, 247507300.00 ns, 15.1066 us/op
WorkloadPilot   12: 32768 op, 491883100.00 ns, 15.0111 us/op
WorkloadPilot   13: 65536 op, 998752200.00 ns, 15.2397 us/op

OverheadWarmup   1: 65536 op, 355700.00 ns, 5.4276 ns/op
OverheadWarmup   2: 65536 op, 348900.00 ns, 5.3238 ns/op
OverheadWarmup   3: 65536 op, 337800.00 ns, 5.1544 ns/op
OverheadWarmup   4: 65536 op, 336200.00 ns, 5.1300 ns/op
OverheadWarmup   5: 65536 op, 326800.00 ns, 4.9866 ns/op
OverheadWarmup   6: 65536 op, 314900.00 ns, 4.8050 ns/op
OverheadWarmup   7: 65536 op, 313000.00 ns, 4.7760 ns/op
OverheadWarmup   8: 65536 op, 303900.00 ns, 4.6371 ns/op
OverheadWarmup   9: 65536 op, 311000.00 ns, 4.7455 ns/op
OverheadWarmup  10: 65536 op, 315900.00 ns, 4.8203 ns/op

OverheadActual   1: 65536 op, 333700.00 ns, 5.0919 ns/op
OverheadActual   2: 65536 op, 303100.00 ns, 4.6249 ns/op
OverheadActual   3: 65536 op, 311100.00 ns, 4.7470 ns/op
OverheadActual   4: 65536 op, 311800.00 ns, 4.7577 ns/op
OverheadActual   5: 65536 op, 310300.00 ns, 4.7348 ns/op
OverheadActual   6: 65536 op, 298200.00 ns, 4.5502 ns/op
OverheadActual   7: 65536 op, 297000.00 ns, 4.5319 ns/op
OverheadActual   8: 65536 op, 299500.00 ns, 4.5700 ns/op
OverheadActual   9: 65536 op, 292300.00 ns, 4.4601 ns/op
OverheadActual  10: 65536 op, 297000.00 ns, 4.5319 ns/op
OverheadActual  11: 65536 op, 307400.00 ns, 4.6906 ns/op
OverheadActual  12: 65536 op, 295400.00 ns, 4.5074 ns/op
OverheadActual  13: 65536 op, 303500.00 ns, 4.6310 ns/op
OverheadActual  14: 65536 op, 297100.00 ns, 4.5334 ns/op
OverheadActual  15: 65536 op, 298400.00 ns, 4.5532 ns/op

WorkloadWarmup   1: 65536 op, 975444700.00 ns, 14.8841 us/op
WorkloadWarmup   2: 65536 op, 1031179700.00 ns, 15.7346 us/op
WorkloadWarmup   3: 65536 op, 1050333400.00 ns, 16.0268 us/op

// BeforeActualRun
WorkloadActual   1: 65536 op, 1079945500.00 ns, 16.4787 us/op
WorkloadActual   2: 65536 op, 1183412800.00 ns, 18.0574 us/op
WorkloadActual   3: 65536 op, 1394809400.00 ns, 21.2831 us/op

// AfterActualRun
WorkloadResult   1: 65536 op, 1079646000.00 ns, 16.4741 us/op
WorkloadResult   2: 65536 op, 1183113300.00 ns, 18.0529 us/op
WorkloadResult   3: 65536 op, 1394509900.00 ns, 21.2785 us/op
// GC:  70 1 0 667942912 65536
// Threading:  0 0 65536

// AfterAll
// Benchmark Process 18612 has exited with code 0.

Mean = 18.602 μs, StdErr = 1.414 μs (7.60%), N = 3, StdDev = 2.449 μs
Min = 16.474 μs, Q1 = 17.263 μs, Median = 18.053 μs, Q3 = 19.666 μs, Max = 21.279 μs
IQR = 2.402 μs, LowerFence = 13.660 μs, UpperFence = 23.269 μs
ConfidenceInterval = [-26.074 μs; 63.277 μs] (CI 99.9%), Margin = 44.675 μs (240.17% of Mean)
Skewness = 0.21, Kurtosis = 0.67, MValue = 2

// ** Remained 9 (56,2 %) benchmark(s) to run. Estimated finish 2026-06-12 20:27 (0h 1m from now) **
Setup power plan (GUID: 8c5e7fda-e8bf-4a96-9a85-a6e23a8c635c FriendlyName: Höchstleistung)
// **************************
// Benchmark: DiffEngineBenchmarks.'insert (before = null)': ShortRun(IterationCount=3, LaunchCount=1, WarmupCount=3) [FieldCount=100]
// *** Execute ***
// Launch: 1 / 1
// Execute: dotnet Papuma.Kernel.Benchmarks-ShortRun-1.dll --anonymousPipes 2688 2596 --benchmarkName "Papuma.Kernel.Benchmarks.DiffEngineBenchmarks.Insert(FieldCount: 100)" --job ShortRun --benchmarkId 7 in C:\Users\haraldlapp\source\private\Papuma.Kernel\benchmarks\Papuma.Kernel.Benchmarks\bin\Release\net10.0\Papuma.Kernel.Benchmarks-ShortRun-1\bin\Release\net10.0
// BeforeAnythingElse

// Benchmark Process Environment Information:
// BenchmarkDotNet v0.15.8
// Runtime=.NET 10.0.2 (10.0.2, 10.0.225.61305), X64 RyuJIT x86-64-v3
// GC=Concurrent Workstation
// HardwareIntrinsics=AVX2+BMI1+BMI2+F16C+FMA+LZCNT+MOVBE,AVX,SSE3+SSSE3+SSE4.1+SSE4.2+POPCNT,X86Base+SSE+SSE2,AES+PCLMUL,AvxVnni,SERIALIZE VectorSize=256
// Job: ShortRun(IterationCount=3, LaunchCount=1, WarmupCount=3)

OverheadJitting  1: 1 op, 246700.00 ns, 246.7000 us/op
WorkloadJitting  1: 1 op, 4707600.00 ns, 4.7076 ms/op

OverheadJitting  2: 16 op, 555600.00 ns, 34.7250 us/op
WorkloadJitting  2: 16 op, 2116300.00 ns, 132.2688 us/op

WorkloadPilot    1: 16 op, 1579600.00 ns, 98.7250 us/op
WorkloadPilot    2: 32 op, 3317300.00 ns, 103.6656 us/op
WorkloadPilot    3: 64 op, 6233500.00 ns, 97.3984 us/op
WorkloadPilot    4: 128 op, 12724600.00 ns, 99.4109 us/op
WorkloadPilot    5: 256 op, 25245200.00 ns, 98.6141 us/op
WorkloadPilot    6: 512 op, 48140100.00 ns, 94.0236 us/op
WorkloadPilot    7: 1024 op, 103925100.00 ns, 101.4894 us/op
WorkloadPilot    8: 2048 op, 52152100.00 ns, 25.4649 us/op
WorkloadPilot    9: 4096 op, 61332300.00 ns, 14.9737 us/op
WorkloadPilot   10: 8192 op, 121962000.00 ns, 14.8879 us/op
WorkloadPilot   11: 16384 op, 239047100.00 ns, 14.5903 us/op
WorkloadPilot   12: 32768 op, 472437400.00 ns, 14.4176 us/op
WorkloadPilot   13: 65536 op, 931658300.00 ns, 14.2160 us/op

OverheadWarmup   1: 65536 op, 418900.00 ns, 6.3919 ns/op
OverheadWarmup   2: 65536 op, 398300.00 ns, 6.0776 ns/op
OverheadWarmup   3: 65536 op, 381000.00 ns, 5.8136 ns/op
OverheadWarmup   4: 65536 op, 463700.00 ns, 7.0755 ns/op
OverheadWarmup   5: 65536 op, 397600.00 ns, 6.0669 ns/op
OverheadWarmup   6: 65536 op, 401800.00 ns, 6.1310 ns/op
OverheadWarmup   7: 65536 op, 402900.00 ns, 6.1478 ns/op
OverheadWarmup   8: 65536 op, 397700.00 ns, 6.0684 ns/op

OverheadActual   1: 65536 op, 392000.00 ns, 5.9814 ns/op
OverheadActual   2: 65536 op, 397300.00 ns, 6.0623 ns/op
OverheadActual   3: 65536 op, 397200.00 ns, 6.0608 ns/op
OverheadActual   4: 65536 op, 441900.00 ns, 6.7429 ns/op
OverheadActual   5: 65536 op, 394800.00 ns, 6.0242 ns/op
OverheadActual   6: 65536 op, 398800.00 ns, 6.0852 ns/op
OverheadActual   7: 65536 op, 400400.00 ns, 6.1096 ns/op
OverheadActual   8: 65536 op, 404300.00 ns, 6.1691 ns/op
OverheadActual   9: 65536 op, 394800.00 ns, 6.0242 ns/op
OverheadActual  10: 65536 op, 388200.00 ns, 5.9235 ns/op
OverheadActual  11: 65536 op, 389000.00 ns, 5.9357 ns/op
OverheadActual  12: 65536 op, 451500.00 ns, 6.8893 ns/op
OverheadActual  13: 65536 op, 402900.00 ns, 6.1478 ns/op
OverheadActual  14: 65536 op, 397600.00 ns, 6.0669 ns/op
OverheadActual  15: 65536 op, 383200.00 ns, 5.8472 ns/op

WorkloadWarmup   1: 65536 op, 970687500.00 ns, 14.8115 us/op
WorkloadWarmup   2: 65536 op, 1213067800.00 ns, 18.5099 us/op
WorkloadWarmup   3: 65536 op, 1179936600.00 ns, 18.0044 us/op

// BeforeActualRun
WorkloadActual   1: 65536 op, 1118851100.00 ns, 17.0723 us/op
WorkloadActual   2: 65536 op, 1097946600.00 ns, 16.7533 us/op
WorkloadActual   3: 65536 op, 963341900.00 ns, 14.6994 us/op

// AfterActualRun
WorkloadResult   1: 65536 op, 1118453800.00 ns, 17.0663 us/op
WorkloadResult   2: 65536 op, 1097549300.00 ns, 16.7473 us/op
WorkloadResult   3: 65536 op, 962944600.00 ns, 14.6934 us/op
// GC:  140 9 0 1324875776 65536
// Threading:  0 0 65536

// AfterAll
// Benchmark Process 31068 has exited with code 0.

Mean = 16.169 μs, StdErr = 0.744 μs (4.60%), N = 3, StdDev = 1.288 μs
Min = 14.693 μs, Q1 = 15.720 μs, Median = 16.747 μs, Q3 = 16.907 μs, Max = 17.066 μs
IQR = 1.186 μs, LowerFence = 13.941 μs, UpperFence = 18.686 μs
ConfidenceInterval = [-7.326 μs; 39.664 μs] (CI 99.9%), Margin = 23.495 μs (145.31% of Mean)
Skewness = -0.36, Kurtosis = 0.67, MValue = 2

// ** Remained 8 (50,0 %) benchmark(s) to run. Estimated finish 2026-06-12 20:27 (0h 1m from now) **
Setup power plan (GUID: 8c5e7fda-e8bf-4a96-9a85-a6e23a8c635c FriendlyName: Höchstleistung)
// **************************
// Benchmark: DiffEngineBenchmarks.'no change (save of identical state)': ShortRun(IterationCount=3, LaunchCount=1, WarmupCount=3) [FieldCount=1000]
// *** Execute ***
// Launch: 1 / 1
// Execute: dotnet Papuma.Kernel.Benchmarks-ShortRun-1.dll --anonymousPipes 2748 2744 --benchmarkName "Papuma.Kernel.Benchmarks.DiffEngineBenchmarks.NoChange(FieldCount: 1000)" --job ShortRun --benchmarkId 8 in C:\Users\haraldlapp\source\private\Papuma.Kernel\benchmarks\Papuma.Kernel.Benchmarks\bin\Release\net10.0\Papuma.Kernel.Benchmarks-ShortRun-1\bin\Release\net10.0
// BeforeAnythingElse

// Benchmark Process Environment Information:
// BenchmarkDotNet v0.15.8
// Runtime=.NET 10.0.2 (10.0.2, 10.0.225.61305), X64 RyuJIT x86-64-v3
// GC=Concurrent Workstation
// HardwareIntrinsics=AVX2+BMI1+BMI2+F16C+FMA+LZCNT+MOVBE,AVX,SSE3+SSSE3+SSE4.1+SSE4.2+POPCNT,X86Base+SSE+SSE2,AES+PCLMUL,AvxVnni,SERIALIZE VectorSize=256
// Job: ShortRun(IterationCount=3, LaunchCount=1, WarmupCount=3)

OverheadJitting  1: 1 op, 241600.00 ns, 241.6000 us/op
WorkloadJitting  1: 1 op, 3732400.00 ns, 3.7324 ms/op

OverheadJitting  2: 16 op, 477100.00 ns, 29.8188 us/op
WorkloadJitting  2: 16 op, 23589500.00 ns, 1.4743 ms/op

WorkloadPilot    1: 16 op, 8872600.00 ns, 554.5375 us/op
WorkloadPilot    2: 32 op, 17158300.00 ns, 536.1969 us/op
WorkloadPilot    3: 64 op, 35637400.00 ns, 556.8344 us/op
WorkloadPilot    4: 128 op, 70032100.00 ns, 547.1258 us/op
WorkloadPilot    5: 256 op, 106990500.00 ns, 417.9316 us/op
WorkloadPilot    6: 512 op, 120987900.00 ns, 236.3045 us/op
WorkloadPilot    7: 1024 op, 235443200.00 ns, 229.9250 us/op
WorkloadPilot    8: 2048 op, 469344200.00 ns, 229.1720 us/op
WorkloadPilot    9: 4096 op, 931183600.00 ns, 227.3397 us/op

OverheadWarmup   1: 4096 op, 26600.00 ns, 6.4941 ns/op
OverheadWarmup   2: 4096 op, 23600.00 ns, 5.7617 ns/op
OverheadWarmup   3: 4096 op, 22100.00 ns, 5.3955 ns/op
OverheadWarmup   4: 4096 op, 23200.00 ns, 5.6641 ns/op
OverheadWarmup   5: 4096 op, 23300.00 ns, 5.6885 ns/op
OverheadWarmup   6: 4096 op, 23600.00 ns, 5.7617 ns/op
OverheadWarmup   7: 4096 op, 23100.00 ns, 5.6396 ns/op
OverheadWarmup   8: 4096 op, 23300.00 ns, 5.6885 ns/op
OverheadWarmup   9: 4096 op, 22400.00 ns, 5.4688 ns/op

OverheadActual   1: 4096 op, 23000.00 ns, 5.6152 ns/op
OverheadActual   2: 4096 op, 23200.00 ns, 5.6641 ns/op
OverheadActual   3: 4096 op, 24700.00 ns, 6.0303 ns/op
OverheadActual   4: 4096 op, 22400.00 ns, 5.4688 ns/op
OverheadActual   5: 4096 op, 23300.00 ns, 5.6885 ns/op
OverheadActual   6: 4096 op, 23100.00 ns, 5.6396 ns/op
OverheadActual   7: 4096 op, 22200.00 ns, 5.4199 ns/op
OverheadActual   8: 4096 op, 23000.00 ns, 5.6152 ns/op
OverheadActual   9: 4096 op, 22600.00 ns, 5.5176 ns/op
OverheadActual  10: 4096 op, 22200.00 ns, 5.4199 ns/op
OverheadActual  11: 4096 op, 22500.00 ns, 5.4932 ns/op
OverheadActual  12: 4096 op, 22300.00 ns, 5.4443 ns/op
OverheadActual  13: 4096 op, 23300.00 ns, 5.6885 ns/op
OverheadActual  14: 4096 op, 23400.00 ns, 5.7129 ns/op
OverheadActual  15: 4096 op, 22800.00 ns, 5.5664 ns/op

WorkloadWarmup   1: 4096 op, 1004267700.00 ns, 245.1825 us/op
WorkloadWarmup   2: 4096 op, 1098680400.00 ns, 268.2325 us/op
WorkloadWarmup   3: 4096 op, 1173522200.00 ns, 286.5044 us/op

// BeforeActualRun
WorkloadActual   1: 4096 op, 1149924700.00 ns, 280.7433 us/op
WorkloadActual   2: 4096 op, 1140080000.00 ns, 278.3398 us/op
WorkloadActual   3: 4096 op, 1086227100.00 ns, 265.1922 us/op

// AfterActualRun
WorkloadResult   1: 4096 op, 1149901700.00 ns, 280.7377 us/op
WorkloadResult   2: 4096 op, 1140057000.00 ns, 278.3342 us/op
WorkloadResult   3: 4096 op, 1086204100.00 ns, 265.1865 us/op
// GC:  33 3 0 315490304 4096
// Threading:  0 0 4096

// AfterAll
// Benchmark Process 14816 has exited with code 0.

Mean = 274.753 μs, StdErr = 4.833 μs (1.76%), N = 3, StdDev = 8.371 μs
Min = 265.187 μs, Q1 = 271.760 μs, Median = 278.334 μs, Q3 = 279.536 μs, Max = 280.738 μs
IQR = 7.776 μs, LowerFence = 260.097 μs, UpperFence = 291.199 μs
ConfidenceInterval = [122.028 μs; 427.477 μs] (CI 99.9%), Margin = 152.725 μs (55.59% of Mean)
Skewness = -0.35, Kurtosis = 0.67, MValue = 2

// ** Remained 7 (43,8 %) benchmark(s) to run. Estimated finish 2026-06-12 20:27 (0h 1m from now) **
Setup power plan (GUID: 8c5e7fda-e8bf-4a96-9a85-a6e23a8c635c FriendlyName: Höchstleistung)
// **************************
// Benchmark: DiffEngineBenchmarks.'1 leaf changed (typical update)': ShortRun(IterationCount=3, LaunchCount=1, WarmupCount=3) [FieldCount=1000]
// *** Execute ***
// Launch: 1 / 1
// Execute: dotnet Papuma.Kernel.Benchmarks-ShortRun-1.dll --anonymousPipes 2576 1068 --benchmarkName "Papuma.Kernel.Benchmarks.DiffEngineBenchmarks.OneFieldChanged(FieldCount: 1000)" --job ShortRun --benchmarkId 9 in C:\Users\haraldlapp\source\private\Papuma.Kernel\benchmarks\Papuma.Kernel.Benchmarks\bin\Release\net10.0\Papuma.Kernel.Benchmarks-ShortRun-1\bin\Release\net10.0
// BeforeAnythingElse

// Benchmark Process Environment Information:
// BenchmarkDotNet v0.15.8
// Runtime=.NET 10.0.2 (10.0.2, 10.0.225.61305), X64 RyuJIT x86-64-v3
// GC=Concurrent Workstation
// HardwareIntrinsics=AVX2+BMI1+BMI2+F16C+FMA+LZCNT+MOVBE,AVX,SSE3+SSSE3+SSE4.1+SSE4.2+POPCNT,X86Base+SSE+SSE2,AES+PCLMUL,AvxVnni,SERIALIZE VectorSize=256
// Job: ShortRun(IterationCount=3, LaunchCount=1, WarmupCount=3)

OverheadJitting  1: 1 op, 308300.00 ns, 308.3000 us/op
WorkloadJitting  1: 1 op, 6449400.00 ns, 6.4494 ms/op

OverheadJitting  2: 16 op, 811700.00 ns, 50.7313 us/op
WorkloadJitting  2: 16 op, 33331600.00 ns, 2.0832 ms/op

WorkloadPilot    1: 16 op, 11853700.00 ns, 740.8563 us/op
WorkloadPilot    2: 32 op, 23117100.00 ns, 722.4094 us/op
WorkloadPilot    3: 64 op, 49148400.00 ns, 767.9438 us/op
WorkloadPilot    4: 128 op, 119611000.00 ns, 934.4609 us/op
WorkloadPilot    5: 256 op, 116310400.00 ns, 454.3375 us/op
WorkloadPilot    6: 512 op, 158002400.00 ns, 308.5984 us/op
WorkloadPilot    7: 1024 op, 304400000.00 ns, 297.2656 us/op
WorkloadPilot    8: 2048 op, 569522900.00 ns, 278.0874 us/op

OverheadWarmup   1: 2048 op, 19600.00 ns, 9.5703 ns/op
OverheadWarmup   2: 2048 op, 17000.00 ns, 8.3008 ns/op
OverheadWarmup   3: 2048 op, 16800.00 ns, 8.2031 ns/op
OverheadWarmup   4: 2048 op, 15400.00 ns, 7.5195 ns/op
OverheadWarmup   5: 2048 op, 14700.00 ns, 7.1777 ns/op
OverheadWarmup   6: 2048 op, 15100.00 ns, 7.3730 ns/op
OverheadWarmup   7: 2048 op, 15100.00 ns, 7.3730 ns/op
OverheadWarmup   8: 2048 op, 14800.00 ns, 7.2266 ns/op
OverheadWarmup   9: 2048 op, 14500.00 ns, 7.0801 ns/op
OverheadWarmup  10: 2048 op, 17200.00 ns, 8.3984 ns/op

OverheadActual   1: 2048 op, 15900.00 ns, 7.7637 ns/op
OverheadActual   2: 2048 op, 15200.00 ns, 7.4219 ns/op
OverheadActual   3: 2048 op, 17900.00 ns, 8.7402 ns/op
OverheadActual   4: 2048 op, 15500.00 ns, 7.5684 ns/op
OverheadActual   5: 2048 op, 15900.00 ns, 7.7637 ns/op
OverheadActual   6: 2048 op, 15200.00 ns, 7.4219 ns/op
OverheadActual   7: 2048 op, 15300.00 ns, 7.4707 ns/op
OverheadActual   8: 2048 op, 15300.00 ns, 7.4707 ns/op
OverheadActual   9: 2048 op, 14800.00 ns, 7.2266 ns/op
OverheadActual  10: 2048 op, 16800.00 ns, 8.2031 ns/op
OverheadActual  11: 2048 op, 15500.00 ns, 7.5684 ns/op
OverheadActual  12: 2048 op, 15800.00 ns, 7.7148 ns/op
OverheadActual  13: 2048 op, 16200.00 ns, 7.9102 ns/op
OverheadActual  14: 2048 op, 17800.00 ns, 8.6914 ns/op
OverheadActual  15: 2048 op, 15200.00 ns, 7.4219 ns/op

WorkloadWarmup   1: 2048 op, 638107400.00 ns, 311.5759 us/op
WorkloadWarmup   2: 2048 op, 839399400.00 ns, 409.8630 us/op
WorkloadWarmup   3: 2048 op, 1042473200.00 ns, 509.0201 us/op

// BeforeActualRun
WorkloadActual   1: 2048 op, 969344600.00 ns, 473.3128 us/op
WorkloadActual   2: 2048 op, 776402200.00 ns, 379.1026 us/op
WorkloadActual   3: 2048 op, 623642300.00 ns, 304.5128 us/op

// AfterActualRun
WorkloadResult   1: 2048 op, 969329100.00 ns, 473.3052 us/op
WorkloadResult   2: 2048 op, 776386700.00 ns, 379.0951 us/op
WorkloadResult   3: 2048 op, 623626800.00 ns, 304.5053 us/op
// GC:  16 1 0 158203904 2048
// Threading:  0 0 2048

// AfterAll
// Benchmark Process 25360 has exited with code 0.

Mean = 385.635 μs, StdErr = 48.838 μs (12.66%), N = 3, StdDev = 84.590 μs
Min = 304.505 μs, Q1 = 341.800 μs, Median = 379.095 μs, Q3 = 426.200 μs, Max = 473.305 μs
IQR = 84.400 μs, LowerFence = 215.200 μs, UpperFence = 552.800 μs
ConfidenceInterval = [-1,157.598 μs; 1,928.868 μs] (CI 99.9%), Margin = 1,543.233 μs (400.18% of Mean)
Skewness = 0.08, Kurtosis = 0.67, MValue = 2

// ** Remained 6 (37,5 %) benchmark(s) to run. Estimated finish 2026-06-12 20:27 (0h 0m from now) **
Setup power plan (GUID: 8c5e7fda-e8bf-4a96-9a85-a6e23a8c635c FriendlyName: Höchstleistung)
// **************************
// Benchmark: DiffEngineBenchmarks.'10% of leaves changed': ShortRun(IterationCount=3, LaunchCount=1, WarmupCount=3) [FieldCount=1000]
// *** Execute ***
// Launch: 1 / 1
// Execute: dotnet Papuma.Kernel.Benchmarks-ShortRun-1.dll --anonymousPipes 2452 2676 --benchmarkName "Papuma.Kernel.Benchmarks.DiffEngineBenchmarks.TenPercentChanged(FieldCount: 1000)" --job ShortRun --benchmarkId 10 in C:\Users\haraldlapp\source\private\Papuma.Kernel\benchmarks\Papuma.Kernel.Benchmarks\bin\Release\net10.0\Papuma.Kernel.Benchmarks-ShortRun-1\bin\Release\net10.0
// BeforeAnythingElse

// Benchmark Process Environment Information:
// BenchmarkDotNet v0.15.8
// Runtime=.NET 10.0.2 (10.0.2, 10.0.225.61305), X64 RyuJIT x86-64-v3
// GC=Concurrent Workstation
// HardwareIntrinsics=AVX2+BMI1+BMI2+F16C+FMA+LZCNT+MOVBE,AVX,SSE3+SSSE3+SSE4.1+SSE4.2+POPCNT,X86Base+SSE+SSE2,AES+PCLMUL,AvxVnni,SERIALIZE VectorSize=256
// Job: ShortRun(IterationCount=3, LaunchCount=1, WarmupCount=3)

OverheadJitting  1: 1 op, 268900.00 ns, 268.9000 us/op
WorkloadJitting  1: 1 op, 6450600.00 ns, 6.4506 ms/op

OverheadJitting  2: 16 op, 616900.00 ns, 38.5563 us/op
WorkloadJitting  2: 16 op, 33493400.00 ns, 2.0933 ms/op

WorkloadPilot    1: 16 op, 12889900.00 ns, 805.6188 us/op
WorkloadPilot    2: 32 op, 25376600.00 ns, 793.0188 us/op
WorkloadPilot    3: 64 op, 52875100.00 ns, 826.1734 us/op
WorkloadPilot    4: 128 op, 93068500.00 ns, 727.0977 us/op
WorkloadPilot    5: 256 op, 153217800.00 ns, 598.5070 us/op
WorkloadPilot    6: 512 op, 159008200.00 ns, 310.5629 us/op
WorkloadPilot    7: 1024 op, 308595200.00 ns, 301.3625 us/op
WorkloadPilot    8: 2048 op, 581723900.00 ns, 284.0449 us/op

OverheadWarmup   1: 2048 op, 15100.00 ns, 7.3730 ns/op
OverheadWarmup   2: 2048 op, 13700.00 ns, 6.6895 ns/op
OverheadWarmup   3: 2048 op, 13600.00 ns, 6.6406 ns/op
OverheadWarmup   4: 2048 op, 13000.00 ns, 6.3477 ns/op
OverheadWarmup   5: 2048 op, 13700.00 ns, 6.6895 ns/op
OverheadWarmup   6: 2048 op, 13400.00 ns, 6.5430 ns/op
OverheadWarmup   7: 2048 op, 70600.00 ns, 34.4727 ns/op
OverheadWarmup   8: 2048 op, 13100.00 ns, 6.3965 ns/op

OverheadActual   1: 2048 op, 13800.00 ns, 6.7383 ns/op
OverheadActual   2: 2048 op, 13500.00 ns, 6.5918 ns/op
OverheadActual   3: 2048 op, 13300.00 ns, 6.4941 ns/op
OverheadActual   4: 2048 op, 12500.00 ns, 6.1035 ns/op
OverheadActual   5: 2048 op, 13200.00 ns, 6.4453 ns/op
OverheadActual   6: 2048 op, 13200.00 ns, 6.4453 ns/op
OverheadActual   7: 2048 op, 13700.00 ns, 6.6895 ns/op
OverheadActual   8: 2048 op, 13000.00 ns, 6.3477 ns/op
OverheadActual   9: 2048 op, 12300.00 ns, 6.0059 ns/op
OverheadActual  10: 2048 op, 12300.00 ns, 6.0059 ns/op
OverheadActual  11: 2048 op, 15600.00 ns, 7.6172 ns/op
OverheadActual  12: 2048 op, 13000.00 ns, 6.3477 ns/op
OverheadActual  13: 2048 op, 13200.00 ns, 6.4453 ns/op
OverheadActual  14: 2048 op, 13000.00 ns, 6.3477 ns/op
OverheadActual  15: 2048 op, 12800.00 ns, 6.2500 ns/op

WorkloadWarmup   1: 2048 op, 563885900.00 ns, 275.3349 us/op
WorkloadWarmup   2: 2048 op, 552008300.00 ns, 269.5353 us/op
WorkloadWarmup   3: 2048 op, 553607800.00 ns, 270.3163 us/op

// BeforeActualRun
WorkloadActual   1: 2048 op, 558717400.00 ns, 272.8112 us/op
WorkloadActual   2: 2048 op, 532800900.00 ns, 260.1567 us/op
WorkloadActual   3: 2048 op, 525372000.00 ns, 256.5293 us/op

// AfterActualRun
WorkloadResult   1: 2048 op, 558704200.00 ns, 272.8048 us/op
WorkloadResult   2: 2048 op, 532787700.00 ns, 260.1502 us/op
WorkloadResult   3: 2048 op, 525358800.00 ns, 256.5229 us/op
// GC:  21 3 0 203620352 2048
// Threading:  0 0 2048

// AfterAll
// Benchmark Process 38324 has exited with code 0.

Mean = 263.159 μs, StdErr = 4.935 μs (1.88%), N = 3, StdDev = 8.548 μs
Min = 256.523 μs, Q1 = 258.337 μs, Median = 260.150 μs, Q3 = 266.478 μs, Max = 272.805 μs
IQR = 8.141 μs, LowerFence = 246.125 μs, UpperFence = 278.689 μs
ConfidenceInterval = [107.214 μs; 419.104 μs] (CI 99.9%), Margin = 155.945 μs (59.26% of Mean)
Skewness = 0.31, Kurtosis = 0.67, MValue = 2

// ** Remained 5 (31,2 %) benchmark(s) to run. Estimated finish 2026-06-12 20:27 (0h 0m from now) **
Setup power plan (GUID: 8c5e7fda-e8bf-4a96-9a85-a6e23a8c635c FriendlyName: Höchstleistung)
// **************************
// Benchmark: DiffEngineBenchmarks.'insert (before = null)': ShortRun(IterationCount=3, LaunchCount=1, WarmupCount=3) [FieldCount=1000]
// *** Execute ***
// Launch: 1 / 1
// Execute: dotnet Papuma.Kernel.Benchmarks-ShortRun-1.dll --anonymousPipes 2684 2596 --benchmarkName "Papuma.Kernel.Benchmarks.DiffEngineBenchmarks.Insert(FieldCount: 1000)" --job ShortRun --benchmarkId 11 in C:\Users\haraldlapp\source\private\Papuma.Kernel\benchmarks\Papuma.Kernel.Benchmarks\bin\Release\net10.0\Papuma.Kernel.Benchmarks-ShortRun-1\bin\Release\net10.0
// BeforeAnythingElse

// Benchmark Process Environment Information:
// BenchmarkDotNet v0.15.8
// Runtime=.NET 10.0.2 (10.0.2, 10.0.225.61305), X64 RyuJIT x86-64-v3
// GC=Concurrent Workstation
// HardwareIntrinsics=AVX2+BMI1+BMI2+F16C+FMA+LZCNT+MOVBE,AVX,SSE3+SSSE3+SSE4.1+SSE4.2+POPCNT,X86Base+SSE+SSE2,AES+PCLMUL,AvxVnni,SERIALIZE VectorSize=256
// Job: ShortRun(IterationCount=3, LaunchCount=1, WarmupCount=3)

OverheadJitting  1: 1 op, 274100.00 ns, 274.1000 us/op
WorkloadJitting  1: 1 op, 5791600.00 ns, 5.7916 ms/op

OverheadJitting  2: 16 op, 523100.00 ns, 32.6938 us/op
WorkloadJitting  2: 16 op, 31792300.00 ns, 1.9870 ms/op

WorkloadPilot    1: 16 op, 18339500.00 ns, 1.1462 ms/op
WorkloadPilot    2: 32 op, 35692300.00 ns, 1.1154 ms/op
WorkloadPilot    3: 64 op, 69805400.00 ns, 1.0907 ms/op
WorkloadPilot    4: 128 op, 91506000.00 ns, 714.8906 us/op
WorkloadPilot    5: 256 op, 113603900.00 ns, 443.7652 us/op
WorkloadPilot    6: 512 op, 180048400.00 ns, 351.6570 us/op
WorkloadPilot    7: 1024 op, 335532500.00 ns, 327.6685 us/op
WorkloadPilot    8: 2048 op, 678851600.00 ns, 331.4705 us/op

OverheadWarmup   1: 2048 op, 16300.00 ns, 7.9590 ns/op
OverheadWarmup   2: 2048 op, 28000.00 ns, 13.6719 ns/op
OverheadWarmup   3: 2048 op, 15800.00 ns, 7.7148 ns/op
OverheadWarmup   4: 2048 op, 15500.00 ns, 7.5684 ns/op
OverheadWarmup   5: 2048 op, 34300.00 ns, 16.7480 ns/op
OverheadWarmup   6: 2048 op, 33500.00 ns, 16.3574 ns/op

OverheadActual   1: 2048 op, 15600.00 ns, 7.6172 ns/op
OverheadActual   2: 2048 op, 16600.00 ns, 8.1055 ns/op
OverheadActual   3: 2048 op, 70500.00 ns, 34.4238 ns/op
OverheadActual   4: 2048 op, 15100.00 ns, 7.3730 ns/op
OverheadActual   5: 2048 op, 15000.00 ns, 7.3242 ns/op
OverheadActual   6: 2048 op, 14800.00 ns, 7.2266 ns/op
OverheadActual   7: 2048 op, 15100.00 ns, 7.3730 ns/op
OverheadActual   8: 2048 op, 15000.00 ns, 7.3242 ns/op
OverheadActual   9: 2048 op, 16300.00 ns, 7.9590 ns/op
OverheadActual  10: 2048 op, 14300.00 ns, 6.9824 ns/op
OverheadActual  11: 2048 op, 14800.00 ns, 7.2266 ns/op
OverheadActual  12: 2048 op, 14700.00 ns, 7.1777 ns/op
OverheadActual  13: 2048 op, 14100.00 ns, 6.8848 ns/op
OverheadActual  14: 2048 op, 14800.00 ns, 7.2266 ns/op
OverheadActual  15: 2048 op, 14600.00 ns, 7.1289 ns/op

WorkloadWarmup   1: 2048 op, 790313800.00 ns, 385.8954 us/op
WorkloadWarmup   2: 2048 op, 994170700.00 ns, 485.4349 us/op
WorkloadWarmup   3: 2048 op, 895972700.00 ns, 437.4867 us/op

// BeforeActualRun
WorkloadActual   1: 2048 op, 748129300.00 ns, 365.2975 us/op
WorkloadActual   2: 2048 op, 639398400.00 ns, 312.2063 us/op
WorkloadActual   3: 2048 op, 631401000.00 ns, 308.3013 us/op

// AfterActualRun
WorkloadResult   1: 2048 op, 748114300.00 ns, 365.2902 us/op
WorkloadResult   2: 2048 op, 639383400.00 ns, 312.1989 us/op
WorkloadResult   3: 2048 op, 631386000.00 ns, 308.2939 us/op
// GC:  43 13 0 406896640 2048
// Threading:  0 0 2048

// AfterAll
// Benchmark Process 3068 has exited with code 0.

Mean = 328.594 μs, StdErr = 18.383 μs (5.59%), N = 3, StdDev = 31.839 μs
Min = 308.294 μs, Q1 = 310.246 μs, Median = 312.199 μs, Q3 = 338.745 μs, Max = 365.290 μs
IQR = 28.498 μs, LowerFence = 267.499 μs, UpperFence = 381.492 μs
ConfidenceInterval = [-252.276 μs; 909.464 μs] (CI 99.9%), Margin = 580.870 μs (176.77% of Mean)
Skewness = 0.38, Kurtosis = 0.67, MValue = 2

// ** Remained 4 (25,0 %) benchmark(s) to run. Estimated finish 2026-06-12 20:27 (0h 0m from now) **
Setup power plan (GUID: 8c5e7fda-e8bf-4a96-9a85-a6e23a8c635c FriendlyName: Höchstleistung)
// **************************
// Benchmark: DiffEngineBenchmarks.'no change (save of identical state)': ShortRun(IterationCount=3, LaunchCount=1, WarmupCount=3) [FieldCount=10000]
// *** Execute ***
// Launch: 1 / 1
// Execute: dotnet Papuma.Kernel.Benchmarks-ShortRun-1.dll --anonymousPipes 2728 2800 --benchmarkName "Papuma.Kernel.Benchmarks.DiffEngineBenchmarks.NoChange(FieldCount: 10000)" --job ShortRun --benchmarkId 12 in C:\Users\haraldlapp\source\private\Papuma.Kernel\benchmarks\Papuma.Kernel.Benchmarks\bin\Release\net10.0\Papuma.Kernel.Benchmarks-ShortRun-1\bin\Release\net10.0
// BeforeAnythingElse

// Benchmark Process Environment Information:
// BenchmarkDotNet v0.15.8
// Runtime=.NET 10.0.2 (10.0.2, 10.0.225.61305), X64 RyuJIT x86-64-v3
// GC=Concurrent Workstation
// HardwareIntrinsics=AVX2+BMI1+BMI2+F16C+FMA+LZCNT+MOVBE,AVX,SSE3+SSSE3+SSE4.1+SSE4.2+POPCNT,X86Base+SSE+SSE2,AES+PCLMUL,AvxVnni,SERIALIZE VectorSize=256
// Job: ShortRun(IterationCount=3, LaunchCount=1, WarmupCount=3)

OverheadJitting  1: 1 op, 236000.00 ns, 236.0000 us/op
WorkloadJitting  1: 1 op, 10544900.00 ns, 10.5449 ms/op

OverheadJitting  2: 16 op, 524500.00 ns, 32.7813 us/op
WorkloadJitting  2: 16 op, 101004600.00 ns, 6.3128 ms/op

WorkloadPilot    1: 16 op, 103987600.00 ns, 6.4992 ms/op
WorkloadPilot    2: 32 op, 210881300.00 ns, 6.5900 ms/op
WorkloadPilot    3: 64 op, 224342700.00 ns, 3.5054 ms/op
WorkloadPilot    4: 128 op, 400542600.00 ns, 3.1292 ms/op
WorkloadPilot    5: 256 op, 807948300.00 ns, 3.1560 ms/op

OverheadWarmup   1: 256 op, 5500.00 ns, 21.4844 ns/op
OverheadWarmup   2: 256 op, 2800.00 ns, 10.9375 ns/op
OverheadWarmup   3: 256 op, 3000.00 ns, 11.7188 ns/op
OverheadWarmup   4: 256 op, 2600.00 ns, 10.1563 ns/op
OverheadWarmup   5: 256 op, 2800.00 ns, 10.9375 ns/op
OverheadWarmup   6: 256 op, 3200.00 ns, 12.5000 ns/op
OverheadWarmup   7: 256 op, 2800.00 ns, 10.9375 ns/op

OverheadActual   1: 256 op, 2600.00 ns, 10.1563 ns/op
OverheadActual   2: 256 op, 2900.00 ns, 11.3281 ns/op
OverheadActual   3: 256 op, 2900.00 ns, 11.3281 ns/op
OverheadActual   4: 256 op, 4000.00 ns, 15.6250 ns/op
OverheadActual   5: 256 op, 2700.00 ns, 10.5469 ns/op
OverheadActual   6: 256 op, 2700.00 ns, 10.5469 ns/op
OverheadActual   7: 256 op, 3600.00 ns, 14.0625 ns/op
OverheadActual   8: 256 op, 2800.00 ns, 10.9375 ns/op
OverheadActual   9: 256 op, 2900.00 ns, 11.3281 ns/op
OverheadActual  10: 256 op, 4600.00 ns, 17.9688 ns/op
OverheadActual  11: 256 op, 2800.00 ns, 10.9375 ns/op
OverheadActual  12: 256 op, 2800.00 ns, 10.9375 ns/op
OverheadActual  13: 256 op, 5400.00 ns, 21.0938 ns/op
OverheadActual  14: 256 op, 2800.00 ns, 10.9375 ns/op
OverheadActual  15: 256 op, 3400.00 ns, 13.2813 ns/op
OverheadActual  16: 256 op, 3100.00 ns, 12.1094 ns/op
OverheadActual  17: 256 op, 2800.00 ns, 10.9375 ns/op
OverheadActual  18: 256 op, 3000.00 ns, 11.7188 ns/op
OverheadActual  19: 256 op, 3100.00 ns, 12.1094 ns/op
OverheadActual  20: 256 op, 2600.00 ns, 10.1563 ns/op

WorkloadWarmup   1: 256 op, 912523100.00 ns, 3.5645 ms/op
WorkloadWarmup   2: 256 op, 1000693600.00 ns, 3.9090 ms/op
WorkloadWarmup   3: 256 op, 1020841100.00 ns, 3.9877 ms/op

// BeforeActualRun
WorkloadActual   1: 256 op, 968589100.00 ns, 3.7836 ms/op
WorkloadActual   2: 256 op, 1066907400.00 ns, 4.1676 ms/op
WorkloadActual   3: 256 op, 1042309400.00 ns, 4.0715 ms/op

// AfterActualRun
WorkloadResult   1: 256 op, 968586200.00 ns, 3.7835 ms/op
WorkloadResult   2: 256 op, 1066904500.00 ns, 4.1676 ms/op
WorkloadResult   3: 256 op, 1042306500.00 ns, 4.0715 ms/op
// GC:  21 8 0 197906432 256
// Threading:  0 0 256

// AfterAll
// Benchmark Process 33296 has exited with code 0.

Mean = 4.008 ms, StdErr = 0.115 ms (2.88%), N = 3, StdDev = 0.200 ms
Min = 3.784 ms, Q1 = 3.928 ms, Median = 4.072 ms, Q3 = 4.120 ms, Max = 4.168 ms
IQR = 0.192 ms, LowerFence = 3.639 ms, UpperFence = 4.408 ms
ConfidenceInterval = [0.361 ms; 7.654 ms] (CI 99.9%), Margin = 3.646 ms (90.98% of Mean)
Skewness = -0.29, Kurtosis = 0.67, MValue = 2

// ** Remained 3 (18,8 %) benchmark(s) to run. Estimated finish 2026-06-12 20:27 (0h 0m from now) **
Setup power plan (GUID: 8c5e7fda-e8bf-4a96-9a85-a6e23a8c635c FriendlyName: Höchstleistung)
// **************************
// Benchmark: DiffEngineBenchmarks.'1 leaf changed (typical update)': ShortRun(IterationCount=3, LaunchCount=1, WarmupCount=3) [FieldCount=10000]
// *** Execute ***
// Launch: 1 / 1
// Execute: dotnet Papuma.Kernel.Benchmarks-ShortRun-1.dll --anonymousPipes 1368 2644 --benchmarkName "Papuma.Kernel.Benchmarks.DiffEngineBenchmarks.OneFieldChanged(FieldCount: 10000)" --job ShortRun --benchmarkId 13 in C:\Users\haraldlapp\source\private\Papuma.Kernel\benchmarks\Papuma.Kernel.Benchmarks\bin\Release\net10.0\Papuma.Kernel.Benchmarks-ShortRun-1\bin\Release\net10.0
// BeforeAnythingElse

// Benchmark Process Environment Information:
// BenchmarkDotNet v0.15.8
// Runtime=.NET 10.0.2 (10.0.2, 10.0.225.61305), X64 RyuJIT x86-64-v3
// GC=Concurrent Workstation
// HardwareIntrinsics=AVX2+BMI1+BMI2+F16C+FMA+LZCNT+MOVBE,AVX,SSE3+SSSE3+SSE4.1+SSE4.2+POPCNT,X86Base+SSE+SSE2,AES+PCLMUL,AvxVnni,SERIALIZE VectorSize=256
// Job: ShortRun(IterationCount=3, LaunchCount=1, WarmupCount=3)

OverheadJitting  1: 1 op, 297300.00 ns, 297.3000 us/op
WorkloadJitting  1: 1 op, 14262100.00 ns, 14.2621 ms/op

OverheadJitting  2: 16 op, 717400.00 ns, 44.8375 us/op
WorkloadJitting  2: 16 op, 126921100.00 ns, 7.9326 ms/op

WorkloadPilot    1: 16 op, 108462800.00 ns, 6.7789 ms/op
WorkloadPilot    2: 32 op, 195799500.00 ns, 6.1187 ms/op
WorkloadPilot    3: 64 op, 220931200.00 ns, 3.4521 ms/op
WorkloadPilot    4: 128 op, 431595000.00 ns, 3.3718 ms/op
WorkloadPilot    5: 256 op, 865807300.00 ns, 3.3821 ms/op

OverheadWarmup   1: 256 op, 6900.00 ns, 26.9531 ns/op
OverheadWarmup   2: 256 op, 3000.00 ns, 11.7188 ns/op
OverheadWarmup   3: 256 op, 3100.00 ns, 12.1094 ns/op
OverheadWarmup   4: 256 op, 4000.00 ns, 15.6250 ns/op
OverheadWarmup   5: 256 op, 3500.00 ns, 13.6719 ns/op
OverheadWarmup   6: 256 op, 3500.00 ns, 13.6719 ns/op
OverheadWarmup   7: 256 op, 3400.00 ns, 13.2813 ns/op

OverheadActual   1: 256 op, 3300.00 ns, 12.8906 ns/op
OverheadActual   2: 256 op, 4500.00 ns, 17.5781 ns/op
OverheadActual   3: 256 op, 3800.00 ns, 14.8438 ns/op
OverheadActual   4: 256 op, 3000.00 ns, 11.7188 ns/op
OverheadActual   5: 256 op, 3000.00 ns, 11.7188 ns/op
OverheadActual   6: 256 op, 3700.00 ns, 14.4531 ns/op
OverheadActual   7: 256 op, 4700.00 ns, 18.3594 ns/op
OverheadActual   8: 256 op, 3300.00 ns, 12.8906 ns/op
OverheadActual   9: 256 op, 3200.00 ns, 12.5000 ns/op
OverheadActual  10: 256 op, 4500.00 ns, 17.5781 ns/op
OverheadActual  11: 256 op, 3000.00 ns, 11.7188 ns/op
OverheadActual  12: 256 op, 3300.00 ns, 12.8906 ns/op
OverheadActual  13: 256 op, 4200.00 ns, 16.4063 ns/op
OverheadActual  14: 256 op, 3300.00 ns, 12.8906 ns/op
OverheadActual  15: 256 op, 3300.00 ns, 12.8906 ns/op
OverheadActual  16: 256 op, 3100.00 ns, 12.1094 ns/op
OverheadActual  17: 256 op, 3900.00 ns, 15.2344 ns/op
OverheadActual  18: 256 op, 3000.00 ns, 11.7188 ns/op
OverheadActual  19: 256 op, 3500.00 ns, 13.6719 ns/op
OverheadActual  20: 256 op, 4900.00 ns, 19.1406 ns/op

WorkloadWarmup   1: 256 op, 992905000.00 ns, 3.8785 ms/op
WorkloadWarmup   2: 256 op, 1013133300.00 ns, 3.9576 ms/op
WorkloadWarmup   3: 256 op, 1099755400.00 ns, 4.2959 ms/op

// BeforeActualRun
WorkloadActual   1: 256 op, 1110890300.00 ns, 4.3394 ms/op
WorkloadActual   2: 256 op, 929971600.00 ns, 3.6327 ms/op
WorkloadActual   3: 256 op, 810227900.00 ns, 3.1650 ms/op

// AfterActualRun
WorkloadResult   1: 256 op, 1110887000.00 ns, 4.3394 ms/op
WorkloadResult   2: 256 op, 929968300.00 ns, 3.6327 ms/op
WorkloadResult   3: 256 op, 810224600.00 ns, 3.1649 ms/op
// GC:  21 8 0 197963776 256
// Threading:  0 0 256

// AfterAll
// Benchmark Process 10508 has exited with code 0.

Mean = 3.712 ms, StdErr = 0.341 ms (9.20%), N = 3, StdDev = 0.591 ms
Min = 3.165 ms, Q1 = 3.399 ms, Median = 3.633 ms, Q3 = 3.986 ms, Max = 4.339 ms
IQR = 0.587 ms, LowerFence = 2.518 ms, UpperFence = 4.867 ms
ConfidenceInterval = [-7.075 ms; 14.499 ms] (CI 99.9%), Margin = 10.787 ms (290.57% of Mean)
Skewness = 0.13, Kurtosis = 0.67, MValue = 2

// ** Remained 2 (12,5 %) benchmark(s) to run. Estimated finish 2026-06-12 20:27 (0h 0m from now) **
Setup power plan (GUID: 8c5e7fda-e8bf-4a96-9a85-a6e23a8c635c FriendlyName: Höchstleistung)
// **************************
// Benchmark: DiffEngineBenchmarks.'10% of leaves changed': ShortRun(IterationCount=3, LaunchCount=1, WarmupCount=3) [FieldCount=10000]
// *** Execute ***
// Launch: 1 / 1
// Execute: dotnet Papuma.Kernel.Benchmarks-ShortRun-1.dll --anonymousPipes 1352 1348 --benchmarkName "Papuma.Kernel.Benchmarks.DiffEngineBenchmarks.TenPercentChanged(FieldCount: 10000)" --job ShortRun --benchmarkId 14 in C:\Users\haraldlapp\source\private\Papuma.Kernel\benchmarks\Papuma.Kernel.Benchmarks\bin\Release\net10.0\Papuma.Kernel.Benchmarks-ShortRun-1\bin\Release\net10.0
// BeforeAnythingElse

// Benchmark Process Environment Information:
// BenchmarkDotNet v0.15.8
// Runtime=.NET 10.0.2 (10.0.2, 10.0.225.61305), X64 RyuJIT x86-64-v3
// GC=Concurrent Workstation
// HardwareIntrinsics=AVX2+BMI1+BMI2+F16C+FMA+LZCNT+MOVBE,AVX,SSE3+SSSE3+SSE4.1+SSE4.2+POPCNT,X86Base+SSE+SSE2,AES+PCLMUL,AvxVnni,SERIALIZE VectorSize=256
// Job: ShortRun(IterationCount=3, LaunchCount=1, WarmupCount=3)

OverheadJitting  1: 1 op, 252400.00 ns, 252.4000 us/op
WorkloadJitting  1: 1 op, 13646300.00 ns, 13.6463 ms/op

OverheadJitting  2: 16 op, 603600.00 ns, 37.7250 us/op
WorkloadJitting  2: 16 op, 138556500.00 ns, 8.6598 ms/op

WorkloadPilot    1: 16 op, 109669800.00 ns, 6.8544 ms/op
WorkloadPilot    2: 32 op, 182226100.00 ns, 5.6946 ms/op
WorkloadPilot    3: 64 op, 220406200.00 ns, 3.4438 ms/op
WorkloadPilot    4: 128 op, 429037900.00 ns, 3.3519 ms/op
WorkloadPilot    5: 256 op, 898308500.00 ns, 3.5090 ms/op

OverheadWarmup   1: 256 op, 4100.00 ns, 16.0156 ns/op
OverheadWarmup   2: 256 op, 3000.00 ns, 11.7188 ns/op
OverheadWarmup   3: 256 op, 3100.00 ns, 12.1094 ns/op
OverheadWarmup   4: 256 op, 2800.00 ns, 10.9375 ns/op
OverheadWarmup   5: 256 op, 3200.00 ns, 12.5000 ns/op
OverheadWarmup   6: 256 op, 4300.00 ns, 16.7969 ns/op
OverheadWarmup   7: 256 op, 3000.00 ns, 11.7188 ns/op

OverheadActual   1: 256 op, 3000.00 ns, 11.7188 ns/op
OverheadActual   2: 256 op, 3400.00 ns, 13.2813 ns/op
OverheadActual   3: 256 op, 3700.00 ns, 14.4531 ns/op
OverheadActual   4: 256 op, 3100.00 ns, 12.1094 ns/op
OverheadActual   5: 256 op, 3200.00 ns, 12.5000 ns/op
OverheadActual   6: 256 op, 2800.00 ns, 10.9375 ns/op
OverheadActual   7: 256 op, 3000.00 ns, 11.7188 ns/op
OverheadActual   8: 256 op, 3200.00 ns, 12.5000 ns/op
OverheadActual   9: 256 op, 2900.00 ns, 11.3281 ns/op
OverheadActual  10: 256 op, 3600.00 ns, 14.0625 ns/op
OverheadActual  11: 256 op, 2900.00 ns, 11.3281 ns/op
OverheadActual  12: 256 op, 2900.00 ns, 11.3281 ns/op
OverheadActual  13: 256 op, 3700.00 ns, 14.4531 ns/op
OverheadActual  14: 256 op, 3000.00 ns, 11.7188 ns/op
OverheadActual  15: 256 op, 3100.00 ns, 12.1094 ns/op
OverheadActual  16: 256 op, 3600.00 ns, 14.0625 ns/op
OverheadActual  17: 256 op, 3000.00 ns, 11.7188 ns/op
OverheadActual  18: 256 op, 3500.00 ns, 13.6719 ns/op
OverheadActual  19: 256 op, 3300.00 ns, 12.8906 ns/op
OverheadActual  20: 256 op, 3100.00 ns, 12.1094 ns/op

WorkloadWarmup   1: 256 op, 1007329900.00 ns, 3.9349 ms/op
WorkloadWarmup   2: 256 op, 1092739400.00 ns, 4.2685 ms/op
WorkloadWarmup   3: 256 op, 1059691000.00 ns, 4.1394 ms/op

// BeforeActualRun
WorkloadActual   1: 256 op, 1048631600.00 ns, 4.0962 ms/op
WorkloadActual   2: 256 op, 907238300.00 ns, 3.5439 ms/op
WorkloadActual   3: 256 op, 895021600.00 ns, 3.4962 ms/op

// AfterActualRun
WorkloadResult   1: 256 op, 1048628500.00 ns, 4.0962 ms/op
WorkloadResult   2: 256 op, 907235200.00 ns, 3.5439 ms/op
WorkloadResult   3: 256 op, 895018500.00 ns, 3.4962 ms/op
// GC:  27 12 0 255250432 256
// Threading:  0 0 256

// AfterAll
// Benchmark Process 38988 has exited with code 0.

Mean = 3.712 ms, StdErr = 0.193 ms (5.19%), N = 3, StdDev = 0.334 ms
Min = 3.496 ms, Q1 = 3.520 ms, Median = 3.544 ms, Q3 = 3.820 ms, Max = 4.096 ms
IQR = 0.300 ms, LowerFence = 3.070 ms, UpperFence = 4.270 ms
ConfidenceInterval = [-2.372 ms; 9.797 ms] (CI 99.9%), Margin = 6.084 ms (163.91% of Mean)
Skewness = 0.38, Kurtosis = 0.67, MValue = 2

// ** Remained 1 (6,2 %) benchmark(s) to run. Estimated finish 2026-06-12 20:27 (0h 0m from now) **
Setup power plan (GUID: 8c5e7fda-e8bf-4a96-9a85-a6e23a8c635c FriendlyName: Höchstleistung)
// **************************
// Benchmark: DiffEngineBenchmarks.'insert (before = null)': ShortRun(IterationCount=3, LaunchCount=1, WarmupCount=3) [FieldCount=10000]
// *** Execute ***
// Launch: 1 / 1
// Execute: dotnet Papuma.Kernel.Benchmarks-ShortRun-1.dll --anonymousPipes 2412 1308 --benchmarkName "Papuma.Kernel.Benchmarks.DiffEngineBenchmarks.Insert(FieldCount: 10000)" --job ShortRun --benchmarkId 15 in C:\Users\haraldlapp\source\private\Papuma.Kernel\benchmarks\Papuma.Kernel.Benchmarks\bin\Release\net10.0\Papuma.Kernel.Benchmarks-ShortRun-1\bin\Release\net10.0
// BeforeAnythingElse

// Benchmark Process Environment Information:
// BenchmarkDotNet v0.15.8
// Runtime=.NET 10.0.2 (10.0.2, 10.0.225.61305), X64 RyuJIT x86-64-v3
// GC=Concurrent Workstation
// HardwareIntrinsics=AVX2+BMI1+BMI2+F16C+FMA+LZCNT+MOVBE,AVX,SSE3+SSSE3+SSE4.1+SSE4.2+POPCNT,X86Base+SSE+SSE2,AES+PCLMUL,AvxVnni,SERIALIZE VectorSize=256
// Job: ShortRun(IterationCount=3, LaunchCount=1, WarmupCount=3)

OverheadJitting  1: 1 op, 219000.00 ns, 219.0000 us/op
WorkloadJitting  1: 1 op, 19680500.00 ns, 19.6805 ms/op

OverheadJitting  2: 16 op, 582800.00 ns, 36.4250 us/op
WorkloadJitting  2: 16 op, 152443100.00 ns, 9.5277 ms/op

WorkloadPilot    1: 16 op, 68656700.00 ns, 4.2910 ms/op
WorkloadPilot    2: 32 op, 148501800.00 ns, 4.6407 ms/op
WorkloadPilot    3: 64 op, 253589600.00 ns, 3.9623 ms/op
WorkloadPilot    4: 128 op, 505826800.00 ns, 3.9518 ms/op

OverheadWarmup   1: 128 op, 3200.00 ns, 25.0000 ns/op
OverheadWarmup   2: 128 op, 2000.00 ns, 15.6250 ns/op
OverheadWarmup   3: 128 op, 3400.00 ns, 26.5625 ns/op
OverheadWarmup   4: 128 op, 1900.00 ns, 14.8438 ns/op
OverheadWarmup   5: 128 op, 2100.00 ns, 16.4063 ns/op
OverheadWarmup   6: 128 op, 3400.00 ns, 26.5625 ns/op
OverheadWarmup   7: 128 op, 1900.00 ns, 14.8438 ns/op

OverheadActual   1: 128 op, 1800.00 ns, 14.0625 ns/op
OverheadActual   2: 128 op, 2100.00 ns, 16.4063 ns/op
OverheadActual   3: 128 op, 2500.00 ns, 19.5313 ns/op
OverheadActual   4: 128 op, 1700.00 ns, 13.2813 ns/op
OverheadActual   5: 128 op, 2000.00 ns, 15.6250 ns/op
OverheadActual   6: 128 op, 3200.00 ns, 25.0000 ns/op
OverheadActual   7: 128 op, 2000.00 ns, 15.6250 ns/op
OverheadActual   8: 128 op, 2300.00 ns, 17.9688 ns/op
OverheadActual   9: 128 op, 3000.00 ns, 23.4375 ns/op
OverheadActual  10: 128 op, 1900.00 ns, 14.8438 ns/op
OverheadActual  11: 128 op, 2100.00 ns, 16.4063 ns/op
OverheadActual  12: 128 op, 2700.00 ns, 21.0938 ns/op
OverheadActual  13: 128 op, 2000.00 ns, 15.6250 ns/op
OverheadActual  14: 128 op, 2200.00 ns, 17.1875 ns/op
OverheadActual  15: 128 op, 2600.00 ns, 20.3125 ns/op
OverheadActual  16: 128 op, 1800.00 ns, 14.0625 ns/op
OverheadActual  17: 128 op, 2300.00 ns, 17.9688 ns/op
OverheadActual  18: 128 op, 2800.00 ns, 21.8750 ns/op
OverheadActual  19: 128 op, 2300.00 ns, 17.9688 ns/op
OverheadActual  20: 128 op, 2500.00 ns, 19.5313 ns/op

WorkloadWarmup   1: 128 op, 547756800.00 ns, 4.2794 ms/op
WorkloadWarmup   2: 128 op, 571328700.00 ns, 4.4635 ms/op
WorkloadWarmup   3: 128 op, 595409000.00 ns, 4.6516 ms/op

// BeforeActualRun
WorkloadActual   1: 128 op, 653867000.00 ns, 5.1083 ms/op
WorkloadActual   2: 128 op, 631720600.00 ns, 4.9353 ms/op
WorkloadActual   3: 128 op, 620715700.00 ns, 4.8493 ms/op

// AfterActualRun
WorkloadResult   1: 128 op, 653864750.00 ns, 5.1083 ms/op
WorkloadResult   2: 128 op, 631718350.00 ns, 4.9353 ms/op
WorkloadResult   3: 128 op, 620713450.00 ns, 4.8493 ms/op
// GC:  26 19 0 253809664 128
// Threading:  0 0 128

// AfterAll
// Benchmark Process 34188 has exited with code 0.

Mean = 4.964 ms, StdErr = 0.076 ms (1.53%), N = 3, StdDev = 0.132 ms
Min = 4.849 ms, Q1 = 4.892 ms, Median = 4.935 ms, Q3 = 5.022 ms, Max = 5.108 ms
IQR = 0.129 ms, LowerFence = 4.698 ms, UpperFence = 5.216 ms
ConfidenceInterval = [2.558 ms; 7.371 ms] (CI 99.9%), Margin = 2.407 ms (48.48% of Mean)
Skewness = 0.21, Kurtosis = 0.67, MValue = 2

// ** Remained 0 (0,0 %) benchmark(s) to run. Estimated finish 2026-06-12 20:27 (0h 0m from now) **
Successfully reverted power plan (GUID: 381b4222-f694-41f0-9685-ff5bb260df2e FriendlyName: Ausbalanciert)
// ***** BenchmarkRunner: Finish  *****

// * Export *
  BenchmarkDotNet.Artifacts\results\Papuma.Kernel.Benchmarks.DiffEngineBenchmarks-report.csv
  BenchmarkDotNet.Artifacts\results\Papuma.Kernel.Benchmarks.DiffEngineBenchmarks-report-github.md
  BenchmarkDotNet.Artifacts\results\Papuma.Kernel.Benchmarks.DiffEngineBenchmarks-report.html

// * Detailed results *
DiffEngineBenchmarks.'no change (save of identical state)': ShortRun(IterationCount=3, LaunchCount=1, WarmupCount=3) [FieldCount=10]
Runtime = .NET 10.0.2 (10.0.2, 10.0.225.61305), X64 RyuJIT x86-64-v3; GC = Concurrent Workstation
Mean = 1.825 μs, StdErr = 0.029 μs (1.61%), N = 3, StdDev = 0.051 μs
Min = 1.778 μs, Q1 = 1.798 μs, Median = 1.818 μs, Q3 = 1.848 μs, Max = 1.879 μs
IQR = 0.050 μs, LowerFence = 1.722 μs, UpperFence = 1.924 μs
ConfidenceInterval = [0.898 μs; 2.752 μs] (CI 99.9%), Margin = 0.927 μs (50.82% of Mean)
Skewness = 0.14, Kurtosis = 0.67, MValue = 2
-------------------- Histogram --------------------
[1.752 μs ; 1.844 μs) | @@
[1.844 μs ; 1.925 μs) | @
---------------------------------------------------

DiffEngineBenchmarks.'1 leaf changed (typical update)': ShortRun(IterationCount=3, LaunchCount=1, WarmupCount=3) [FieldCount=10]
Runtime = .NET 10.0.2 (10.0.2, 10.0.225.61305), X64 RyuJIT x86-64-v3; GC = Concurrent Workstation
Mean = 1.971 μs, StdErr = 0.040 μs (2.02%), N = 3, StdDev = 0.069 μs
Min = 1.900 μs, Q1 = 1.938 μs, Median = 1.976 μs, Q3 = 2.007 μs, Max = 2.038 μs
IQR = 0.069 μs, LowerFence = 1.834 μs, UpperFence = 2.110 μs
ConfidenceInterval = [0.713 μs; 3.229 μs] (CI 99.9%), Margin = 1.258 μs (63.85% of Mean)
Skewness = -0.07, Kurtosis = 0.67, MValue = 2
-------------------- Histogram --------------------
[1.837 μs ; 1.944 μs) | @
[1.944 μs ; 2.069 μs) | @@
---------------------------------------------------

DiffEngineBenchmarks.'10% of leaves changed': ShortRun(IterationCount=3, LaunchCount=1, WarmupCount=3) [FieldCount=10]
Runtime = .NET 10.0.2 (10.0.2, 10.0.225.61305), X64 RyuJIT x86-64-v3; GC = Concurrent Workstation
Mean = 1.892 μs, StdErr = 0.045 μs (2.37%), N = 3, StdDev = 0.078 μs
Min = 1.833 μs, Q1 = 1.848 μs, Median = 1.863 μs, Q3 = 1.921 μs, Max = 1.980 μs
IQR = 0.074 μs, LowerFence = 1.737 μs, UpperFence = 2.032 μs
ConfidenceInterval = [0.473 μs; 3.311 μs] (CI 99.9%), Margin = 1.419 μs (75.00% of Mean)
Skewness = 0.32, Kurtosis = 0.67, MValue = 2
-------------------- Histogram --------------------
[1.777 μs ; 1.919 μs) | @@
[1.919 μs ; 2.051 μs) | @
---------------------------------------------------

DiffEngineBenchmarks.'insert (before = null)': ShortRun(IterationCount=3, LaunchCount=1, WarmupCount=3) [FieldCount=10]
Runtime = .NET 10.0.2 (10.0.2, 10.0.225.61305), X64 RyuJIT x86-64-v3; GC = Concurrent Workstation
Mean = 1.582 μs, StdErr = 0.030 μs (1.91%), N = 3, StdDev = 0.052 μs
Min = 1.523 μs, Q1 = 1.562 μs, Median = 1.600 μs, Q3 = 1.612 μs, Max = 1.623 μs
IQR = 0.050 μs, LowerFence = 1.487 μs, UpperFence = 1.686 μs
ConfidenceInterval = [0.629 μs; 2.535 μs] (CI 99.9%), Margin = 0.953 μs (60.26% of Mean)
Skewness = -0.3, Kurtosis = 0.67, MValue = 2
-------------------- Histogram --------------------
[1.476 μs ; 1.564 μs) | @
[1.564 μs ; 1.671 μs) | @@
---------------------------------------------------

DiffEngineBenchmarks.'no change (save of identical state)': ShortRun(IterationCount=3, LaunchCount=1, WarmupCount=3) [FieldCount=100]
Runtime = .NET 10.0.2 (10.0.2, 10.0.225.61305), X64 RyuJIT x86-64-v3; GC = Concurrent Workstation
Mean = 15.735 μs, StdErr = 0.300 μs (1.91%), N = 3, StdDev = 0.520 μs
Min = 15.163 μs, Q1 = 15.513 μs, Median = 15.863 μs, Q3 = 16.021 μs, Max = 16.178 μs
IQR = 0.508 μs, LowerFence = 14.751 μs, UpperFence = 16.782 μs
ConfidenceInterval = [6.252 μs; 25.217 μs] (CI 99.9%), Margin = 9.482 μs (60.26% of Mean)
Skewness = -0.23, Kurtosis = 0.67, MValue = 2
-------------------- Histogram --------------------
[14.690 μs ; 15.548 μs) | @
[15.548 μs ; 16.651 μs) | @@
---------------------------------------------------

DiffEngineBenchmarks.'1 leaf changed (typical update)': ShortRun(IterationCount=3, LaunchCount=1, WarmupCount=3) [FieldCount=100]
Runtime = .NET 10.0.2 (10.0.2, 10.0.225.61305), X64 RyuJIT x86-64-v3; GC = Concurrent Workstation
Mean = 15.908 μs, StdErr = 0.220 μs (1.38%), N = 3, StdDev = 0.381 μs
Min = 15.495 μs, Q1 = 15.741 μs, Median = 15.987 μs, Q3 = 16.115 μs, Max = 16.244 μs
IQR = 0.374 μs, LowerFence = 15.179 μs, UpperFence = 16.677 μs
ConfidenceInterval = [8.964 μs; 22.853 μs] (CI 99.9%), Margin = 6.945 μs (43.65% of Mean)
Skewness = -0.2, Kurtosis = 0.67, MValue = 2
-------------------- Histogram --------------------
[15.148 μs ; 15.769 μs) | @
[15.769 μs ; 16.590 μs) | @@
---------------------------------------------------

DiffEngineBenchmarks.'10% of leaves changed': ShortRun(IterationCount=3, LaunchCount=1, WarmupCount=3) [FieldCount=100]
Runtime = .NET 10.0.2 (10.0.2, 10.0.225.61305), X64 RyuJIT x86-64-v3; GC = Concurrent Workstation
Mean = 18.602 μs, StdErr = 1.414 μs (7.60%), N = 3, StdDev = 2.449 μs
Min = 16.474 μs, Q1 = 17.263 μs, Median = 18.053 μs, Q3 = 19.666 μs, Max = 21.279 μs
IQR = 2.402 μs, LowerFence = 13.660 μs, UpperFence = 23.269 μs
ConfidenceInterval = [-26.074 μs; 63.277 μs] (CI 99.9%), Margin = 44.675 μs (240.17% of Mean)
Skewness = 0.21, Kurtosis = 0.67, MValue = 2
-------------------- Histogram --------------------
[15.035 μs ; 19.492 μs) | @@
[19.492 μs ; 23.507 μs) | @
---------------------------------------------------

DiffEngineBenchmarks.'insert (before = null)': ShortRun(IterationCount=3, LaunchCount=1, WarmupCount=3) [FieldCount=100]
Runtime = .NET 10.0.2 (10.0.2, 10.0.225.61305), X64 RyuJIT x86-64-v3; GC = Concurrent Workstation
Mean = 16.169 μs, StdErr = 0.744 μs (4.60%), N = 3, StdDev = 1.288 μs
Min = 14.693 μs, Q1 = 15.720 μs, Median = 16.747 μs, Q3 = 16.907 μs, Max = 17.066 μs
IQR = 1.186 μs, LowerFence = 13.941 μs, UpperFence = 18.686 μs
ConfidenceInterval = [-7.326 μs; 39.664 μs] (CI 99.9%), Margin = 23.495 μs (145.31% of Mean)
Skewness = -0.36, Kurtosis = 0.67, MValue = 2
-------------------- Histogram --------------------
[13.521 μs ; 15.735 μs) | @
[15.735 μs ; 18.238 μs) | @@
---------------------------------------------------

DiffEngineBenchmarks.'no change (save of identical state)': ShortRun(IterationCount=3, LaunchCount=1, WarmupCount=3) [FieldCount=1000]
Runtime = .NET 10.0.2 (10.0.2, 10.0.225.61305), X64 RyuJIT x86-64-v3; GC = Concurrent Workstation
Mean = 274.753 μs, StdErr = 4.833 μs (1.76%), N = 3, StdDev = 8.371 μs
Min = 265.187 μs, Q1 = 271.760 μs, Median = 278.334 μs, Q3 = 279.536 μs, Max = 280.738 μs
IQR = 7.776 μs, LowerFence = 260.097 μs, UpperFence = 291.199 μs
ConfidenceInterval = [122.028 μs; 427.477 μs] (CI 99.9%), Margin = 152.725 μs (55.59% of Mean)
Skewness = -0.35, Kurtosis = 0.67, MValue = 2
-------------------- Histogram --------------------
[257.568 μs ; 271.918 μs) | @
[271.918 μs ; 288.356 μs) | @@
---------------------------------------------------

DiffEngineBenchmarks.'1 leaf changed (typical update)': ShortRun(IterationCount=3, LaunchCount=1, WarmupCount=3) [FieldCount=1000]
Runtime = .NET 10.0.2 (10.0.2, 10.0.225.61305), X64 RyuJIT x86-64-v3; GC = Concurrent Workstation
Mean = 385.635 μs, StdErr = 48.838 μs (12.66%), N = 3, StdDev = 84.590 μs
Min = 304.505 μs, Q1 = 341.800 μs, Median = 379.095 μs, Q3 = 426.200 μs, Max = 473.305 μs
IQR = 84.400 μs, LowerFence = 215.200 μs, UpperFence = 552.800 μs
ConfidenceInterval = [-1,157.598 μs; 1,928.868 μs] (CI 99.9%), Margin = 1,543.233 μs (400.18% of Mean)
Skewness = 0.08, Kurtosis = 0.67, MValue = 2
-------------------- Histogram --------------------
[264.820 μs ; 418.780 μs) | @@
[418.780 μs ; 550.285 μs) | @
---------------------------------------------------

DiffEngineBenchmarks.'10% of leaves changed': ShortRun(IterationCount=3, LaunchCount=1, WarmupCount=3) [FieldCount=1000]
Runtime = .NET 10.0.2 (10.0.2, 10.0.225.61305), X64 RyuJIT x86-64-v3; GC = Concurrent Workstation
Mean = 263.159 μs, StdErr = 4.935 μs (1.88%), N = 3, StdDev = 8.548 μs
Min = 256.523 μs, Q1 = 258.337 μs, Median = 260.150 μs, Q3 = 266.478 μs, Max = 272.805 μs
IQR = 8.141 μs, LowerFence = 246.125 μs, UpperFence = 278.689 μs
ConfidenceInterval = [107.214 μs; 419.104 μs] (CI 99.9%), Margin = 155.945 μs (59.26% of Mean)
Skewness = 0.31, Kurtosis = 0.67, MValue = 2
-------------------- Histogram --------------------
[250.558 μs ; 266.115 μs) | @@
[266.115 μs ; 280.584 μs) | @
---------------------------------------------------

DiffEngineBenchmarks.'insert (before = null)': ShortRun(IterationCount=3, LaunchCount=1, WarmupCount=3) [FieldCount=1000]
Runtime = .NET 10.0.2 (10.0.2, 10.0.225.61305), X64 RyuJIT x86-64-v3; GC = Concurrent Workstation
Mean = 328.594 μs, StdErr = 18.383 μs (5.59%), N = 3, StdDev = 31.839 μs
Min = 308.294 μs, Q1 = 310.246 μs, Median = 312.199 μs, Q3 = 338.745 μs, Max = 365.290 μs
IQR = 28.498 μs, LowerFence = 267.499 μs, UpperFence = 381.492 μs
ConfidenceInterval = [-252.276 μs; 909.464 μs] (CI 99.9%), Margin = 580.870 μs (176.77% of Mean)
Skewness = 0.38, Kurtosis = 0.67, MValue = 2
-------------------- Histogram --------------------
[307.817 μs ; 365.767 μs) | @@@
---------------------------------------------------

DiffEngineBenchmarks.'no change (save of identical state)': ShortRun(IterationCount=3, LaunchCount=1, WarmupCount=3) [FieldCount=10000]
Runtime = .NET 10.0.2 (10.0.2, 10.0.225.61305), X64 RyuJIT x86-64-v3; GC = Concurrent Workstation
Mean = 4.008 ms, StdErr = 0.115 ms (2.88%), N = 3, StdDev = 0.200 ms
Min = 3.784 ms, Q1 = 3.928 ms, Median = 4.072 ms, Q3 = 4.120 ms, Max = 4.168 ms
IQR = 0.192 ms, LowerFence = 3.639 ms, UpperFence = 4.408 ms
ConfidenceInterval = [0.361 ms; 7.654 ms] (CI 99.9%), Margin = 3.646 ms (90.98% of Mean)
Skewness = -0.29, Kurtosis = 0.67, MValue = 2
-------------------- Histogram --------------------
[3.602 ms ; 3.938 ms) | @
[3.938 ms ; 4.349 ms) | @@
---------------------------------------------------

DiffEngineBenchmarks.'1 leaf changed (typical update)': ShortRun(IterationCount=3, LaunchCount=1, WarmupCount=3) [FieldCount=10000]
Runtime = .NET 10.0.2 (10.0.2, 10.0.225.61305), X64 RyuJIT x86-64-v3; GC = Concurrent Workstation
Mean = 3.712 ms, StdErr = 0.341 ms (9.20%), N = 3, StdDev = 0.591 ms
Min = 3.165 ms, Q1 = 3.399 ms, Median = 3.633 ms, Q3 = 3.986 ms, Max = 4.339 ms
IQR = 0.587 ms, LowerFence = 2.518 ms, UpperFence = 4.867 ms
ConfidenceInterval = [-7.075 ms; 14.499 ms] (CI 99.9%), Margin = 10.787 ms (290.57% of Mean)
Skewness = 0.13, Kurtosis = 0.67, MValue = 2
-------------------- Histogram --------------------
[2.861 ms ; 3.937 ms) | @@
[3.937 ms ; 4.877 ms) | @
---------------------------------------------------

DiffEngineBenchmarks.'10% of leaves changed': ShortRun(IterationCount=3, LaunchCount=1, WarmupCount=3) [FieldCount=10000]
Runtime = .NET 10.0.2 (10.0.2, 10.0.225.61305), X64 RyuJIT x86-64-v3; GC = Concurrent Workstation
Mean = 3.712 ms, StdErr = 0.193 ms (5.19%), N = 3, StdDev = 0.334 ms
Min = 3.496 ms, Q1 = 3.520 ms, Median = 3.544 ms, Q3 = 3.820 ms, Max = 4.096 ms
IQR = 0.300 ms, LowerFence = 3.070 ms, UpperFence = 4.270 ms
ConfidenceInterval = [-2.372 ms; 9.797 ms] (CI 99.9%), Margin = 6.084 ms (163.91% of Mean)
Skewness = 0.38, Kurtosis = 0.67, MValue = 2
-------------------- Histogram --------------------
[3.493 ms ; 4.100 ms) | @@@
---------------------------------------------------

DiffEngineBenchmarks.'insert (before = null)': ShortRun(IterationCount=3, LaunchCount=1, WarmupCount=3) [FieldCount=10000]
Runtime = .NET 10.0.2 (10.0.2, 10.0.225.61305), X64 RyuJIT x86-64-v3; GC = Concurrent Workstation
Mean = 4.964 ms, StdErr = 0.076 ms (1.53%), N = 3, StdDev = 0.132 ms
Min = 4.849 ms, Q1 = 4.892 ms, Median = 4.935 ms, Q3 = 5.022 ms, Max = 5.108 ms
IQR = 0.129 ms, LowerFence = 4.698 ms, UpperFence = 5.216 ms
ConfidenceInterval = [2.558 ms; 7.371 ms] (CI 99.9%), Margin = 2.407 ms (48.48% of Mean)
Skewness = 0.21, Kurtosis = 0.67, MValue = 2
-------------------- Histogram --------------------
[4.772 ms ; 5.012 ms) | @@
[5.012 ms ; 5.228 ms) | @
---------------------------------------------------

// * Summary *

BenchmarkDotNet v0.15.8, Windows 11 (10.0.26200.8655/25H2/2025Update/HudsonValley2)
12th Gen Intel Core i7-1260P 2.10GHz, 1 CPU, 16 logical and 12 physical cores
.NET SDK 10.0.102
  [Host]   : .NET 10.0.2 (10.0.2, 10.0.225.61305), X64 RyuJIT x86-64-v3
  ShortRun : .NET 10.0.2 (10.0.2, 10.0.225.61305), X64 RyuJIT x86-64-v3

Job=ShortRun  IterationCount=3  LaunchCount=1  
WarmupCount=3  

| Method                                | FieldCount | Mean         | Error          | StdDev      | Gen0     | Gen1     | Allocated  |
|-------------------------------------- |----------- |-------------:|---------------:|------------:|---------:|---------:|-----------:|
| 'no change (save of identical state)' | 10         |     1.825 μs |      0.9275 μs |   0.0508 μs |   0.1869 |        - |    1.74 KB |
| '1 leaf changed (typical update)'     | 10         |     1.971 μs |      1.2584 μs |   0.0690 μs |   0.2117 |        - |    1.96 KB |
| '10% of leaves changed'               | 10         |     1.892 μs |      1.4190 μs |   0.0778 μs |   0.2117 |        - |    1.96 KB |
| 'insert (before = null)'              | 10         |     1.582 μs |      0.9534 μs |   0.0523 μs |   0.4044 |   0.0038 |    3.73 KB |
| 'no change (save of identical state)' | 100        |    15.735 μs |      9.4824 μs |   0.5198 μs |   0.8392 |        - |    7.77 KB |
| '1 leaf changed (typical update)'     | 100        |    15.908 μs |      6.9446 μs |   0.3807 μs |   0.8545 |        - |    7.98 KB |
| '10% of leaves changed'               | 100        |    18.602 μs |     44.6754 μs |   2.4488 μs |   1.0681 |   0.0153 |    9.95 KB |
| 'insert (before = null)'              | 100        |    16.169 μs |     23.4946 μs |   1.2878 μs |   2.1362 |   0.1373 |   19.74 KB |
| 'no change (save of identical state)' | 1000       |   274.753 μs |    152.7246 μs |   8.3714 μs |   8.0566 |   0.7324 |   75.22 KB |
| '1 leaf changed (typical update)'     | 1000       |   385.635 μs |  1,543.2330 μs |  84.5898 μs |   7.8125 |   0.4883 |   75.44 KB |
| '10% of leaves changed'               | 1000       |   263.159 μs |    155.9450 μs |   8.5479 μs |  10.2539 |   1.4648 |   97.09 KB |
| 'insert (before = null)'              | 1000       |   328.594 μs |    580.8700 μs |  31.8394 μs |  20.9961 |   6.3477 |  194.02 KB |
| 'no change (save of identical state)' | 10000      | 4,007.548 μs |  3,646.1445 μs | 199.8575 μs |  82.0313 |  31.2500 |  754.95 KB |
| '1 leaf changed (typical update)'     | 10000      | 3,712.344 μs | 10,786.9506 μs | 591.2692 μs |  82.0313 |  31.2500 |  755.17 KB |
| '10% of leaves changed'               | 10000      | 3,712.086 μs |  6,084.4886 μs | 333.5114 μs | 105.4688 |  46.8750 |   973.7 KB |
| 'insert (before = null)'              | 10000      | 4,964.314 μs |  2,406.5756 μs | 131.9125 μs | 203.1250 | 148.4375 | 1936.41 KB |

// * Legends *
  FieldCount : Value of the 'FieldCount' parameter
  Mean       : Arithmetic mean of all measurements
  Error      : Half of 99.9% confidence interval
  StdDev     : Standard deviation of all measurements
  Gen0       : GC Generation 0 collects per 1000 operations
  Gen1       : GC Generation 1 collects per 1000 operations
  Allocated  : Allocated memory per single operation (managed only, inclusive, 1KB = 1024B)
  1 μs       : 1 Microsecond (0.000001 sec)

// * Diagnostic Output - MemoryDiagnoser *


// ***** BenchmarkRunner: End *****
Run time: 00:02:21 (141.08 sec), executed benchmarks: 16

Global total time: 00:02:38 (158.34 sec), executed benchmarks: 16
// * Artifacts cleanup *
Artifacts cleanup is finished
